[2026-01-27T15:26:38.238Z] [ERROR] Uncaught Exception | Data: {"error":"logger is not defined","stack":"ReferenceError: logger is not defined\n    at Server.<anonymous> (C:\\Users\\Александр\\Desktop\\Pet\\Rest_Api_ToDo\\RomServ\\src\\app.js:135:9)\n    at Object.onceWrapper (node:events:633:28)\n    at Server.emit (node:events:531:35)\n    at emitListeningNT (node:net:1983:10)\n    at process.processTicksAndRejections (node:internal/process/task_queues:89:21)"}
[2026-01-27T15:27:11.923Z] [ERROR] Uncaught Exception | Data: {"error":"logger is not defined","stack":"ReferenceError: logger is not defined\n    at Server.<anonymous> (C:\\Users\\Александр\\Desktop\\Pet\\Rest_Api_ToDo\\RomServ\\src\\app.js:135:9)\n    at Object.onceWrapper (node:events:633:28)\n    at Server.emit (node:events:531:35)\n    at emitListeningNT (node:net:1983:10)\n    at process.processTicksAndRejections (node:internal/process/task_queues:89:21)"}
[2026-01-27T15:27:27.053Z] [INFO] Server started on port 9999 | Data: {"port":9999,"environment":"development","nodeVersion":"v22.20.0"}
[2026-01-27T15:27:27.053Z] [INFO] Available consoles: nes, megadrive, snes, gba, gbc, psx, atari
[2026-01-27T15:27:27.053Z] [INFO] API Documentation available at: http:/localhost:9999/api-docs
[2026-01-27T15:27:32.257Z] [INFO] API Request | Data: {"method":"GET","path":"/romserv","ip":"::1"}
[2026-01-27T15:27:32.258Z] [ERROR] API Error | Data: {"method":"GET","path":"/romserv","error":"Route /romserv not found","ip":"::1"}
[2026-01-27T15:27:32.262Z] [WARN] Request completed with status 404 | Data: {"method":"GET","path":"/romserv","status":404,"duration":"5ms","ip":"::1","userAgent":"Mozilla/5.0 (Windows NT 10.0; Win64; x64) AppleWebKit/537.36 (KHTML, like Gecko) Chrome/144.0.0.0 Safari/537.36"}
[2026-01-27T15:27:35.586Z] [INFO] API Request | Data: {"method":"GET","path":"/romserv/consoles","ip":"::1"}
[2026-01-27T15:27:35.587Z] [ERROR] API Error | Data: {"method":"GET","path":"/romserv/consoles","error":"Route /romserv/consoles not found","ip":"::1"}
[2026-01-27T15:27:35.589Z] [WARN] Request completed with status 404 | Data: {"method":"GET","path":"/romserv/consoles","status":404,"duration":"2ms","ip":"::1","userAgent":"Mozilla/5.0 (Windows NT 10.0; Win64; x64) AppleWebKit/537.36 (KHTML, like Gecko) Chrome/144.0.0.0 Safari/537.36"}
[2026-01-27T15:27:35.590Z] [INFO] API Request | Data: {"method":"GET","path":"/romserv/consoles","ip":"::1"}
[2026-01-27T15:27:35.590Z] [ERROR] API Error | Data: {"method":"GET","path":"/romserv/consoles","error":"Route /romserv/consoles not found","ip":"::1"}
[2026-01-27T15:27:35.592Z] [WARN] Request completed with status 404 | Data: {"method":"GET","path":"/romserv/consoles","status":404,"duration":"2ms","ip":"::1","userAgent":"Mozilla/5.0 (Windows NT 10.0; Win64; x64) AppleWebKit/537.36 (KHTML, like Gecko) Chrome/144.0.0.0 Safari/537.36"}
[2026-01-27T15:28:09.125Z] [INFO] API Request | Data: {"method":"GET","path":"/romserv/consoles","ip":"::1"}
[2026-01-27T15:28:09.126Z] [ERROR] API Error | Data: {"method":"GET","path":"/romserv/consoles","error":"Route /romserv/consoles not found","ip":"::1"}
[2026-01-27T15:28:09.128Z] [WARN] Request completed with status 404 | Data: {"method":"GET","path":"/romserv/consoles","status":404,"duration":"2ms","ip":"::1","userAgent":"Mozilla/5.0 (Windows NT 10.0; Win64; x64) AppleWebKit/537.36 (KHTML, like Gecko) Chrome/144.0.0.0 Safari/537.36"}
[2026-01-27T15:29:11.338Z] [INFO] API Request | Data: {"method":"GET","path":"/romserv","ip":"::1"}
[2026-01-27T15:29:11.339Z] [ERROR] API Error | Data: {"method":"GET","path":"/romserv","error":"Route /romserv not found","ip":"::1"}
[2026-01-27T15:29:11.341Z] [WARN] Request completed with status 404 | Data: {"method":"GET","path":"/romserv","status":404,"duration":"2ms","ip":"::1","userAgent":"Mozilla/5.0 (Windows NT 10.0; Win64; x64) AppleWebKit/537.36 (KHTML, like Gecko) Chrome/144.0.0.0 Safari/537.36"}
[2026-01-27T15:29:46.808Z] [INFO] API Request | Data: {"method":"GET","path":"/romserv/api/consoles","ip":"::1"}
[2026-01-27T15:29:46.809Z] [ERROR] API Error | Data: {"method":"GET","path":"/romserv/api/consoles","error":"Route /romserv/api/consoles not found","ip":"::1"}
[2026-01-27T15:29:46.810Z] [WARN] Request completed with status 404 | Data: {"method":"GET","path":"/romserv/api/consoles","status":404,"duration":"1ms","ip":"::1","userAgent":"Mozilla/5.0 (Windows NT 10.0; Win64; x64) AppleWebKit/537.36 (KHTML, like Gecko) Chrome/144.0.0.0 Safari/537.36"}
[2026-01-27T15:30:01.430Z] [INFO] API Request | Data: {"method":"GET","path":"/romserv/","ip":"::1"}
[2026-01-27T15:30:01.430Z] [ERROR] API Error | Data: {"method":"GET","path":"/romserv/","error":"Route /romserv/ not found","ip":"::1"}
[2026-01-27T15:30:01.432Z] [WARN] Request completed with status 404 | Data: {"method":"GET","path":"/romserv/","status":404,"duration":"2ms","ip":"::1","userAgent":"Mozilla/5.0 (Windows NT 10.0; Win64; x64) AppleWebKit/537.36 (KHTML, like Gecko) Chrome/144.0.0.0 Safari/537.36"}
[2026-01-27T15:30:18.584Z] [INFO] Server started on port 9999 | Data: {"port":9999,"environment":"development","nodeVersion":"v22.20.0"}
[2026-01-27T15:30:18.585Z] [INFO] Available consoles: nes, megadrive, snes, gba, gbc, psx, atari
[2026-01-27T15:30:18.585Z] [INFO] API Documentation available at: http:/localhost:9999/api-docs
[2026-01-27T15:30:20.355Z] [INFO] Server started on port 9999 | Data: {"port":9999,"environment":"development","nodeVersion":"v22.20.0"}
[2026-01-27T15:30:20.356Z] [INFO] Available consoles: nes, megadrive, snes, gba, gbc, psx, atari
[2026-01-27T15:30:20.356Z] [INFO] API Documentation available at: http:/localhost:9999/api-docs
[2026-01-27T15:30:26.279Z] [INFO] API Request | Data: {"method":"GET","path":"/romserv/api-docs","ip":"::1"}
[2026-01-27T15:30:26.281Z] [ERROR] API Error | Data: {"method":"GET","path":"/romserv/api-docs","error":"Route /romserv/api-docs not found","ip":"::1"}
[2026-01-27T15:30:26.285Z] [WARN] Request completed with status 404 | Data: {"method":"GET","path":"/romserv/api-docs","status":404,"duration":"5ms","ip":"::1","userAgent":"Mozilla/5.0 (Windows NT 10.0; Win64; x64) AppleWebKit/537.36 (KHTML, like Gecko) Chrome/144.0.0.0 Safari/537.36"}
[2026-01-27T15:30:44.445Z] [INFO] API Request | Data: {"method":"GET","path":"/romserv/docs","ip":"::1"}
[2026-01-27T15:30:44.446Z] [ERROR] API Error | Data: {"method":"GET","path":"/romserv/docs","error":"Route /romserv/docs not found","ip":"::1"}
[2026-01-27T15:30:44.447Z] [WARN] Request completed with status 404 | Data: {"method":"GET","path":"/romserv/docs","status":404,"duration":"3ms","ip":"::1","userAgent":"Mozilla/5.0 (Windows NT 10.0; Win64; x64) AppleWebKit/537.36 (KHTML, like Gecko) Chrome/144.0.0.0 Safari/537.36"}
[2026-01-27T15:32:33.979Z] [INFO] Server started on port 9999 | Data: {"port":9999,"environment":"development","nodeVersion":"v22.20.0"}
[2026-01-27T15:32:33.979Z] [INFO] Available consoles: nes, megadrive, snes, gba, gbc, psx, atari
[2026-01-27T15:32:33.980Z] [INFO] API Documentation available at: http:/localhost:9999/api-docs
[2026-01-27T15:32:46.786Z] [INFO] Server started on port 9999 | Data: {"port":9999,"environment":"development","nodeVersion":"v22.20.0"}
[2026-01-27T15:32:46.787Z] [INFO] Available consoles: nes, megadrive, snes, gba, gbc, psx, atari
[2026-01-27T15:32:46.787Z] [INFO] API Documentation available at: http:/localhost:9999/api-docs
[2026-01-27T15:32:49.591Z] [INFO] API Request | Data: {"method":"GET","path":"/romserv/docs","ip":"::1"}
[2026-01-27T15:32:49.592Z] [ERROR] API Error | Data: {"method":"GET","path":"/romserv/docs","error":"Route /romserv/docs not found","ip":"::1"}
[2026-01-27T15:32:49.595Z] [WARN] Request completed with status 404 | Data: {"method":"GET","path":"/romserv/docs","status":404,"duration":"5ms","ip":"::1","userAgent":"Mozilla/5.0 (Windows NT 10.0; Win64; x64) AppleWebKit/537.36 (KHTML, like Gecko) Chrome/144.0.0.0 Safari/537.36"}
[2026-01-27T15:32:50.835Z] [INFO] API Request | Data: {"method":"GET","path":"/romserv/docs","ip":"::1"}
[2026-01-27T15:32:50.836Z] [ERROR] API Error | Data: {"method":"GET","path":"/romserv/docs","error":"Route /romserv/docs not found","ip":"::1"}
[2026-01-27T15:32:50.837Z] [WARN] Request completed with status 404 | Data: {"method":"GET","path":"/romserv/docs","status":404,"duration":"3ms","ip":"::1","userAgent":"Mozilla/5.0 (Windows NT 10.0; Win64; x64) AppleWebKit/537.36 (KHTML, like Gecko) Chrome/144.0.0.0 Safari/537.36"}
[2026-01-27T15:32:52.013Z] [INFO] API Request | Data: {"method":"GET","path":"/romserv/docs","ip":"::1"}
[2026-01-27T15:32:52.013Z] [ERROR] API Error | Data: {"method":"GET","path":"/romserv/docs","error":"Route /romserv/docs not found","ip":"::1"}
[2026-01-27T15:32:52.014Z] [WARN] Request completed with status 404 | Data: {"method":"GET","path":"/romserv/docs","status":404,"duration":"2ms","ip":"::1","userAgent":"Mozilla/5.0 (Windows NT 10.0; Win64; x64) AppleWebKit/537.36 (KHTML, like Gecko) Chrome/144.0.0.0 Safari/537.36"}
[2026-01-27T15:32:57.708Z] [INFO] Server started on port 9999 | Data: {"port":9999,"environment":"development","nodeVersion":"v22.20.0"}
[2026-01-27T15:32:57.709Z] [INFO] Available consoles: nes, megadrive, snes, gba, gbc, psx, atari
[2026-01-27T15:32:57.710Z] [INFO] API Documentation available at: http:/localhost:9999/api-docs
[2026-01-27T15:33:25.145Z] [INFO] Server started on port 9999 | Data: {"port":9999,"environment":"development","nodeVersion":"v22.20.0"}
[2026-01-27T15:33:25.146Z] [INFO] Available consoles: nes, megadrive, snes, gba, gbc, psx, atari
[2026-01-27T15:33:25.146Z] [INFO] API Documentation available at: http:/localhost:9999/api-docs
[2026-01-27T15:33:30.332Z] [INFO] Server started on port 9999 | Data: {"port":9999,"environment":"development","nodeVersion":"v22.20.0"}
[2026-01-27T15:33:30.333Z] [INFO] Available consoles: nes, megadrive, snes, gba, gbc, psx, atari
[2026-01-27T15:33:30.334Z] [INFO] API Documentation available at: http:/localhost:9999/api-docs
[2026-01-27T15:33:36.859Z] [INFO] API Request | Data: {"method":"GET","path":"/romserv","ip":"::1"}
[2026-01-27T15:33:36.861Z] [ERROR] API Error | Data: {"method":"GET","path":"/romserv","error":"Route /romserv not found","ip":"::1"}
[2026-01-27T15:33:36.864Z] [WARN] Request completed with status 404 | Data: {"method":"GET","path":"/romserv","status":404,"duration":"6ms","ip":"::1","userAgent":"Mozilla/5.0 (Windows NT 10.0; Win64; x64) AppleWebKit/537.36 (KHTML, like Gecko) Chrome/144.0.0.0 Safari/537.36"}
[2026-01-27T15:34:59.475Z] [INFO] Server started on port 9999 | Data: {"port":9999,"environment":"development","nodeVersion":"v22.20.0"}
[2026-01-27T15:34:59.476Z] [INFO] Available consoles: nes, megadrive, snes, gba, gbc, psx, atari
[2026-01-27T15:34:59.477Z] [INFO] API Documentation available at: http:/localhost:9999/api-docs
[2026-01-27T15:37:09.547Z] [INFO] Server started on port 9999 | Data: {"port":9999,"environment":"development","nodeVersion":"v22.20.0"}
[2026-01-27T15:37:09.547Z] [INFO] Available consoles: nes, megadrive, snes, gba, gbc, psx, atari
[2026-01-27T15:37:09.548Z] [INFO] API Documentation available at: http:/localhost:9999/api-docs
[2026-01-27T15:37:13.100Z] [INFO] Server started on port 9999 | Data: {"port":9999,"environment":"development","nodeVersion":"v22.20.0"}
[2026-01-27T15:37:13.101Z] [INFO] Available consoles: nes, megadrive, snes, gba, gbc, psx, atari
[2026-01-27T15:37:13.101Z] [INFO] API Documentation available at: http:/localhost:9999/api-docs
[2026-01-27T15:37:25.881Z] [INFO] Server started on port 9999 | Data: {"port":9999,"environment":"development","nodeVersion":"v22.20.0"}
[2026-01-27T15:37:25.882Z] [INFO] Available consoles: nes, megadrive, snes, gba, gbc, psx, atari
[2026-01-27T15:37:25.882Z] [INFO] API Documentation available at: http:/localhost:9999/api-docs
[2026-01-27T15:37:29.207Z] [INFO] Server started on port 9999 | Data: {"port":9999,"environment":"development","nodeVersion":"v22.20.0"}
[2026-01-27T15:37:29.208Z] [INFO] Available consoles: nes, megadrive, snes, gba, gbc, psx, atari
[2026-01-27T15:37:29.208Z] [INFO] API Documentation available at: http:/localhost:9999/api-docs
[2026-01-27T15:37:40.386Z] [INFO] API Request | Data: {"method":"GET","path":"/romserv","ip":"::1"}
[2026-01-27T15:37:40.388Z] [ERROR] API Error | Data: {"method":"GET","path":"/romserv","error":"Route /romserv not found","ip":"::1"}
[2026-01-27T15:37:40.391Z] [WARN] Request completed with status 404 | Data: {"method":"GET","path":"/romserv","status":404,"duration":"6ms","ip":"::1","userAgent":"Mozilla/5.0 (Windows NT 10.0; Win64; x64) AppleWebKit/537.36 (KHTML, like Gecko) Chrome/144.0.0.0 Safari/537.36"}
[2026-01-27T15:37:49.448Z] [INFO] Server started on port 9999 | Data: {"port":9999,"environment":"development","nodeVersion":"v22.20.0"}
[2026-01-27T15:37:49.605Z] [INFO] Available consoles: nes, megadrive, snes, gba, gbc, psx, atari
[2026-01-27T15:37:49.606Z] [INFO] API Documentation available at: http:/localhost:9999/api-docs
[2026-01-27T15:37:53.747Z] [INFO] API Request | Data: {"method":"GET","path":"/romserv","ip":"::1"}
[2026-01-27T15:37:53.749Z] [ERROR] API Error | Data: {"method":"GET","path":"/romserv","error":"Route /romserv not found","ip":"::1"}
[2026-01-27T15:37:53.752Z] [WARN] Request completed with status 404 | Data: {"method":"GET","path":"/romserv","status":404,"duration":"6ms","ip":"::1","userAgent":"Mozilla/5.0 (Windows NT 10.0; Win64; x64) AppleWebKit/537.36 (KHTML, like Gecko) Chrome/144.0.0.0 Safari/537.36"}
[2026-01-27T15:37:57.264Z] [INFO] API Request | Data: {"method":"GET","path":"/romserv/consoles","ip":"::1"}
[2026-01-27T15:37:57.266Z] [ERROR] API Error | Data: {"method":"GET","path":"/romserv/consoles","error":"Route /romserv/consoles not found","ip":"::1"}
[2026-01-27T15:37:57.267Z] [WARN] Request completed with status 404 | Data: {"method":"GET","path":"/romserv/consoles","status":404,"duration":"3ms","ip":"::1","userAgent":"Mozilla/5.0 (Windows NT 10.0; Win64; x64) AppleWebKit/537.36 (KHTML, like Gecko) Chrome/144.0.0.0 Safari/537.36"}
[2026-01-27T15:37:57.269Z] [INFO] API Request | Data: {"method":"GET","path":"/romserv/consoles","ip":"::1"}
[2026-01-27T15:37:57.270Z] [ERROR] API Error | Data: {"method":"GET","path":"/romserv/consoles","error":"Route /romserv/consoles not found","ip":"::1"}
[2026-01-27T15:37:57.271Z] [WARN] Request completed with status 404 | Data: {"method":"GET","path":"/romserv/consoles","status":404,"duration":"2ms","ip":"::1","userAgent":"Mozilla/5.0 (Windows NT 10.0; Win64; x64) AppleWebKit/537.36 (KHTML, like Gecko) Chrome/144.0.0.0 Safari/537.36"}
[2026-01-27T15:38:21.979Z] [INFO] Server started on port 9999 | Data: {"port":9999,"environment":"development","nodeVersion":"v22.20.0"}
[2026-01-27T15:38:21.980Z] [INFO] Available consoles: nes, megadrive, snes, gba, gbc, psx, atari
[2026-01-27T15:38:21.980Z] [INFO] API Documentation available at: http:/localhost:9999/api-docs
[2026-01-27T15:38:31.588Z] [INFO] Server started on port 9999 | Data: {"port":9999,"environment":"development","nodeVersion":"v22.20.0"}
[2026-01-27T15:38:31.589Z] [INFO] Available consoles: nes, megadrive, snes, gba, gbc, psx, atari
[2026-01-27T15:38:31.589Z] [INFO] API Documentation available at: http:/localhost:9999/api-docs
[2026-01-27T15:38:35.382Z] [INFO] Server started on port 9999 | Data: {"port":9999,"environment":"development","nodeVersion":"v22.20.0"}
[2026-01-27T15:38:35.383Z] [INFO] Available consoles: nes, megadrive, snes, gba, gbc, psx, atari
[2026-01-27T15:38:35.384Z] [INFO] API Documentation available at: http:/localhost:9999/api-docs
[2026-01-27T15:38:40.223Z] [INFO] API Request | Data: {"method":"GET","path":"/romserv/consoles","ip":"::1"}
[2026-01-27T15:38:40.226Z] [INFO] Game list | Data: {"console":"nes","file":null}
[2026-01-27T15:38:40.227Z] [INFO] Game list | Data: {"console":"megadrive","file":null}
[2026-01-27T15:38:40.227Z] [INFO] Game list | Data: {"console":"gba","file":null}
[2026-01-27T15:38:40.227Z] [INFO] Game list | Data: {"console":"gbc","file":null}
[2026-01-27T15:38:40.229Z] [ERROR] Game list failed | Data: {"console":"psx","file":null,"error":"ENOENT: no such file or directory, scandir 'C:\\Users\\Александр\\Desktop\\Pet\\Rest_Api_ToDo\\RomServ\\Games\\PlayStationX'"}
[2026-01-27T15:38:40.229Z] [WARN] Failed to get games for console psx | Data: {"error":"ENOENT: no such file or directory, scandir 'C:\\Users\\Александр\\Desktop\\Pet\\Rest_Api_ToDo\\RomServ\\Games\\PlayStationX'"}
[2026-01-27T15:38:40.230Z] [INFO] Game list | Data: {"console":"snes","file":null}
[2026-01-27T15:38:40.230Z] [INFO] Game list | Data: {"console":"atari","file":null}
[2026-01-27T15:38:40.234Z] [INFO] Request completed successfully | Data: {"method":"GET","path":"/consoles","status":200,"duration":"12ms","ip":"::1","userAgent":"Mozilla/5.0 (Windows NT 10.0; Win64; x64) AppleWebKit/537.36 (KHTML, like Gecko) Chrome/144.0.0.0 Safari/537.36"}
[2026-01-27T15:38:40.236Z] [INFO] API Request | Data: {"method":"GET","path":"/romserv/consoles","ip":"::1"}
[2026-01-27T15:38:40.237Z] [INFO] Game list | Data: {"console":"nes","file":null}
[2026-01-27T15:38:40.238Z] [INFO] Game list | Data: {"console":"megadrive","file":null}
[2026-01-27T15:38:40.240Z] [INFO] Game list | Data: {"console":"gba","file":null}
[2026-01-27T15:38:40.241Z] [INFO] Game list | Data: {"console":"gbc","file":null}
[2026-01-27T15:38:40.241Z] [INFO] Game list | Data: {"console":"snes","file":null}
[2026-01-27T15:38:40.242Z] [ERROR] Game list failed | Data: {"console":"psx","file":null,"error":"ENOENT: no such file or directory, scandir 'C:\\Users\\Александр\\Desktop\\Pet\\Rest_Api_ToDo\\RomServ\\Games\\PlayStationX'"}
[2026-01-27T15:38:40.243Z] [WARN] Failed to get games for console psx | Data: {"error":"ENOENT: no such file or directory, scandir 'C:\\Users\\Александр\\Desktop\\Pet\\Rest_Api_ToDo\\RomServ\\Games\\PlayStationX'"}
[2026-01-27T15:38:40.244Z] [INFO] Game list | Data: {"console":"atari","file":null}
[2026-01-27T15:38:40.246Z] [INFO] Request completed successfully | Data: {"method":"GET","path":"/consoles","status":304,"duration":"11ms","ip":"::1","userAgent":"Mozilla/5.0 (Windows NT 10.0; Win64; x64) AppleWebKit/537.36 (KHTML, like Gecko) Chrome/144.0.0.0 Safari/537.36"}
[2026-01-27T15:38:40.248Z] [INFO] API Request | Data: {"method":"GET","path":"/romserv/consoles/nes/games","ip":"::1"}
[2026-01-27T15:38:40.250Z] [INFO] Game list | Data: {"console":"nes","file":null}
[2026-01-27T15:38:40.251Z] [INFO] Request completed successfully | Data: {"method":"GET","path":"/consoles/nes/games","status":200,"duration":"3ms","ip":"::1","userAgent":"Mozilla/5.0 (Windows NT 10.0; Win64; x64) AppleWebKit/537.36 (KHTML, like Gecko) Chrome/144.0.0.0 Safari/537.36"}
[2026-01-27T15:38:40.328Z] [INFO] API Request | Data: {"method":"GET","path":"/romserv/consoles/nes/games","ip":"::1"}
[2026-01-27T15:38:40.330Z] [INFO] Game list | Data: {"console":"nes","file":null}
[2026-01-27T15:38:40.332Z] [INFO] Request completed successfully | Data: {"method":"GET","path":"/consoles/nes/games","status":304,"duration":"5ms","ip":"::1","userAgent":"Mozilla/5.0 (Windows NT 10.0; Win64; x64) AppleWebKit/537.36 (KHTML, like Gecko) Chrome/144.0.0.0 Safari/537.36"}
[2026-01-27T15:39:03.604Z] [INFO] SIGINT received, shutting down gracefully
[2026-01-27T15:39:06.969Z] [INFO] Server started on port 9999 | Data: {"port":9999,"environment":"development","nodeVersion":"v22.20.0"}
[2026-01-27T15:39:06.969Z] [INFO] Available consoles: nes, megadrive, snes, gba, gbc, psx, atari
[2026-01-27T15:39:06.970Z] [INFO] API Documentation available at: http:/localhost:9999/api-docs
[2026-01-27T15:41:51.637Z] [INFO] Server started on port 9999 | Data: {"port":9999,"environment":"development","nodeVersion":"v22.20.0"}
[2026-01-27T15:41:51.638Z] [INFO] Available consoles: nes, megadrive, snes, gba, gbc, psx, atari
[2026-01-27T15:41:51.638Z] [INFO] API Documentation available at: http:/localhost:9999/api-docs
[2026-01-27T15:41:57.155Z] [INFO] Server started on port 9999 | Data: {"port":9999,"environment":"development","nodeVersion":"v22.20.0"}
[2026-01-27T15:41:57.156Z] [INFO] Available consoles: nes, megadrive, snes, gba, gbc, psx, atari
[2026-01-27T15:41:57.156Z] [INFO] API Documentation available at: http:/localhost:9999/api-docs
[2026-01-27T15:42:05.564Z] [INFO] Server started on port 9999 | Data: {"port":9999,"environment":"development","nodeVersion":"v22.20.0"}
[2026-01-27T15:42:05.565Z] [INFO] Available consoles: nes, megadrive, snes, gba, gbc, psx, atari
[2026-01-27T15:42:05.565Z] [INFO] API Documentation available at: http:/localhost:9999/api-docs
[2026-01-27T15:42:11.797Z] [INFO] Server started on port 9999 | Data: {"port":9999,"environment":"development","nodeVersion":"v22.20.0"}
[2026-01-27T15:42:11.798Z] [INFO] Available consoles: nes, megadrive, snes, gba, gbc, psx, atari
[2026-01-27T15:42:11.798Z] [INFO] API Documentation available at: http:/localhost:9999/api-docs
[2026-01-27T15:42:12.940Z] [INFO] Server started on port 9999 | Data: {"port":9999,"environment":"development","nodeVersion":"v22.20.0"}
[2026-01-27T15:42:12.941Z] [INFO] Available consoles: nes, megadrive, snes, gba, gbc, psx, atari
[2026-01-27T15:42:12.941Z] [INFO] API Documentation available at: http:/localhost:9999/api-docs
[2026-01-27T15:42:13.966Z] [INFO] Server started on port 9999 | Data: {"port":9999,"environment":"development","nodeVersion":"v22.20.0"}
[2026-01-27T15:42:13.967Z] [INFO] Available consoles: nes, megadrive, snes, gba, gbc, psx, atari
[2026-01-27T15:42:13.967Z] [INFO] API Documentation available at: http:/localhost:9999/api-docs
[2026-01-27T15:42:15.328Z] [INFO] Server started on port 9999 | Data: {"port":9999,"environment":"development","nodeVersion":"v22.20.0"}
[2026-01-27T15:42:15.329Z] [INFO] Available consoles: nes, megadrive, snes, gba, gbc, psx, atari
[2026-01-27T15:42:15.329Z] [INFO] API Documentation available at: http:/localhost:9999/api-docs
[2026-01-27T15:42:25.293Z] [INFO] Server started on port 9999 | Data: {"port":9999,"environment":"development","nodeVersion":"v22.20.0"}
[2026-01-27T15:42:25.294Z] [INFO] Available consoles: nes, megadrive, snes, gba, gbc, psx, atari
[2026-01-27T15:42:25.294Z] [INFO] API Documentation available at: http:/localhost:9999/api-docs
[2026-01-27T15:42:26.297Z] [INFO] Server started on port 9999 | Data: {"port":9999,"environment":"development","nodeVersion":"v22.20.0"}
[2026-01-27T15:42:26.297Z] [INFO] Available consoles: nes, megadrive, snes, gba, gbc, psx, atari
[2026-01-27T15:42:26.297Z] [INFO] API Documentation available at: http:/localhost:9999/api-docs
[2026-01-27T15:42:31.672Z] [INFO] Server started on port 9999 | Data: {"port":9999,"environment":"development","nodeVersion":"v22.20.0"}
[2026-01-27T15:42:31.673Z] [INFO] Available consoles: nes, megadrive, snes, gba, gbc, psx, atari
[2026-01-27T15:42:31.673Z] [INFO] API Documentation available at: http:/localhost:9999/api-docs
[2026-01-27T15:42:39.157Z] [INFO] Server started on port 9999 | Data: {"port":9999,"environment":"development","nodeVersion":"v22.20.0"}
[2026-01-27T15:42:39.158Z] [INFO] Available consoles: nes, megadrive, snes, gba, gbc, psx, atari
[2026-01-27T15:42:39.159Z] [INFO] API Documentation available at: http:/localhost:9999/api-docs
[2026-01-27T15:42:44.429Z] [INFO] Server started on port 9999 | Data: {"port":9999,"environment":"development","nodeVersion":"v22.20.0"}
[2026-01-27T15:42:44.430Z] [INFO] Available consoles: nes, megadrive, snes, gba, gbc, psx, atari
[2026-01-27T15:42:44.430Z] [INFO] API Documentation available at: http:/localhost:9999/api-docs
[2026-01-27T15:42:49.320Z] [INFO] Server started on port 9999 | Data: {"port":9999,"environment":"development","nodeVersion":"v22.20.0"}
[2026-01-27T15:42:49.321Z] [INFO] Available consoles: nes, megadrive, snes, gba, gbc, psx, atari
[2026-01-27T15:42:49.321Z] [INFO] API Documentation available at: http:/localhost:9999/api-docs
[2026-01-27T15:42:50.172Z] [INFO] Server started on port 9999 | Data: {"port":9999,"environment":"development","nodeVersion":"v22.20.0"}
[2026-01-27T15:42:50.173Z] [INFO] Available consoles: nes, megadrive, snes, gba, gbc, psx, atari
[2026-01-27T15:42:50.173Z] [INFO] API Documentation available at: http:/localhost:9999/api-docs
[2026-01-27T15:42:51.527Z] [INFO] Server started on port 9999 | Data: {"port":9999,"environment":"development","nodeVersion":"v22.20.0"}
[2026-01-27T15:42:51.528Z] [INFO] Available consoles: nes, megadrive, snes, gba, gbc, psx, atari
[2026-01-27T15:42:51.529Z] [INFO] API Documentation available at: http:/localhost:9999/api-docs
[2026-01-27T15:42:56.206Z] [INFO] Server started on port 9999 | Data: {"port":9999,"environment":"development","nodeVersion":"v22.20.0"}
[2026-01-27T15:42:56.207Z] [INFO] Available consoles: nes, megadrive, snes, gba, gbc, psx, atari
[2026-01-27T15:42:56.207Z] [INFO] API Documentation available at: http:/localhost:9999/api-docs
[2026-01-27T15:43:02.538Z] [INFO] Server started on port 9999 | Data: {"port":9999,"environment":"development","nodeVersion":"v22.20.0"}
[2026-01-27T15:43:02.539Z] [INFO] Available consoles: nes, megadrive, snes, gba, gbc, psx, atari
[2026-01-27T15:43:02.539Z] [INFO] API Documentation available at: http:/localhost:9999/api-docs
[2026-01-27T15:43:13.098Z] [INFO] API Request | Data: {"method":"GET","path":"/romserv/consoles","ip":"::1"}
[2026-01-27T15:43:13.101Z] [INFO] Game list | Data: {"console":"nes","file":null}
[2026-01-27T15:43:13.102Z] [INFO] Game list | Data: {"console":"megadrive","file":null}
[2026-01-27T15:43:13.102Z] [INFO] Game list | Data: {"console":"snes","file":null}
[2026-01-27T15:43:13.102Z] [INFO] Game list | Data: {"console":"gba","file":null}
[2026-01-27T15:43:13.103Z] [INFO] Game list | Data: {"console":"gbc","file":null}
[2026-01-27T15:43:13.103Z] [ERROR] Game list failed | Data: {"console":"psx","file":null,"error":"ENOENT: no such file or directory, scandir 'C:\\Users\\Александр\\Desktop\\Pet\\Rest_Api_ToDo\\RomServ\\Games\\PlayStationX'"}
[2026-01-27T15:43:13.104Z] [WARN] Failed to get games for console psx | Data: {"error":"ENOENT: no such file or directory, scandir 'C:\\Users\\Александр\\Desktop\\Pet\\Rest_Api_ToDo\\RomServ\\Games\\PlayStationX'"}
[2026-01-27T15:43:13.104Z] [INFO] Game list | Data: {"console":"atari","file":null}
[2026-01-27T15:43:13.108Z] [INFO] Request completed successfully | Data: {"method":"GET","path":"/consoles","status":304,"duration":"9ms","ip":"::1","userAgent":"Mozilla/5.0 (Windows NT 10.0; Win64; x64) AppleWebKit/537.36 (KHTML, like Gecko) Chrome/144.0.0.0 Safari/537.36"}
[2026-01-27T15:43:13.109Z] [INFO] API Request | Data: {"method":"GET","path":"/romserv/consoles","ip":"::1"}
[2026-01-27T15:43:13.112Z] [INFO] Game list | Data: {"console":"megadrive","file":null}
[2026-01-27T15:43:13.114Z] [INFO] Game list | Data: {"console":"nes","file":null}
[2026-01-27T15:43:13.115Z] [INFO] Game list | Data: {"console":"snes","file":null}
[2026-01-27T15:43:13.115Z] [INFO] Game list | Data: {"console":"gba","file":null}
[2026-01-27T15:43:13.116Z] [ERROR] Game list failed | Data: {"console":"psx","file":null,"error":"ENOENT: no such file or directory, scandir 'C:\\Users\\Александр\\Desktop\\Pet\\Rest_Api_ToDo\\RomServ\\Games\\PlayStationX'"}
[2026-01-27T15:43:13.116Z] [WARN] Failed to get games for console psx | Data: {"error":"ENOENT: no such file or directory, scandir 'C:\\Users\\Александр\\Desktop\\Pet\\Rest_Api_ToDo\\RomServ\\Games\\PlayStationX'"}
[2026-01-27T15:43:13.117Z] [INFO] Game list | Data: {"console":"gbc","file":null}
[2026-01-27T15:43:13.117Z] [INFO] Game list | Data: {"console":"atari","file":null}
[2026-01-27T15:43:13.119Z] [INFO] Request completed successfully | Data: {"method":"GET","path":"/consoles","status":304,"duration":"9ms","ip":"::1","userAgent":"Mozilla/5.0 (Windows NT 10.0; Win64; x64) AppleWebKit/537.36 (KHTML, like Gecko) Chrome/144.0.0.0 Safari/537.36"}
[2026-01-27T15:43:13.121Z] [INFO] API Request | Data: {"method":"GET","path":"/romserv/consoles/nes/games","ip":"::1"}
[2026-01-27T15:43:13.122Z] [INFO] Game list | Data: {"console":"nes","file":null}
[2026-01-27T15:43:13.127Z] [INFO] Request completed successfully | Data: {"method":"GET","path":"/consoles/nes/games","status":304,"duration":"3ms","ip":"::1","userAgent":"Mozilla/5.0 (Windows NT 10.0; Win64; x64) AppleWebKit/537.36 (KHTML, like Gecko) Chrome/144.0.0.0 Safari/537.36"}
[2026-01-27T15:43:13.128Z] [INFO] API Request | Data: {"method":"GET","path":"/romserv/consoles/nes/games","ip":"::1"}
[2026-01-27T15:43:13.129Z] [INFO] Game list | Data: {"console":"nes","file":null}
[2026-01-27T15:43:13.131Z] [INFO] Request completed successfully | Data: {"method":"GET","path":"/consoles/nes/games","status":304,"duration":"2ms","ip":"::1","userAgent":"Mozilla/5.0 (Windows NT 10.0; Win64; x64) AppleWebKit/537.36 (KHTML, like Gecko) Chrome/144.0.0.0 Safari/537.36"}
[2026-01-27T15:46:28.944Z] [INFO] Server started on port 9999 | Data: {"port":9999,"environment":"development","nodeVersion":"v22.20.0"}
[2026-01-27T15:46:28.945Z] [INFO] Available consoles: nes, megadrive, snes, gba, gbc, psx, atari
[2026-01-27T15:46:28.945Z] [INFO] API Documentation available at: http:/localhost:9999/api-docs
[2026-01-27T15:46:31.993Z] [INFO] Server started on port 9999 | Data: {"port":9999,"environment":"development","nodeVersion":"v22.20.0"}
[2026-01-27T15:46:31.993Z] [INFO] Available consoles: nes, megadrive, snes, gba, gbc, psx, atari
[2026-01-27T15:46:31.994Z] [INFO] API Documentation available at: http:/localhost:9999/api-docs
[2026-01-27T15:46:33.025Z] [INFO] Server started on port 9999 | Data: {"port":9999,"environment":"development","nodeVersion":"v22.20.0"}
[2026-01-27T15:46:33.027Z] [INFO] Available consoles: nes, megadrive, snes, gba, gbc, psx, atari
[2026-01-27T15:46:33.028Z] [INFO] API Documentation available at: http:/localhost:9999/api-docs
[2026-01-27T15:46:35.195Z] [INFO] Server started on port 9999 | Data: {"port":9999,"environment":"development","nodeVersion":"v22.20.0"}
[2026-01-27T15:46:35.196Z] [INFO] Available consoles: nes, megadrive, snes, gba, gbc, psx, atari
[2026-01-27T15:46:35.196Z] [INFO] API Documentation available at: http:/localhost:9999/api-docs
[2026-01-27T15:46:36.500Z] [INFO] Server started on port 9999 | Data: {"port":9999,"environment":"development","nodeVersion":"v22.20.0"}
[2026-01-27T15:46:36.501Z] [INFO] Available consoles: nes, megadrive, snes, gba, gbc, psx, atari
[2026-01-27T15:46:36.501Z] [INFO] API Documentation available at: http:/localhost:9999/api-docs
[2026-01-27T15:46:40.168Z] [INFO] Server started on port 9999 | Data: {"port":9999,"environment":"development","nodeVersion":"v22.20.0"}
[2026-01-27T15:46:40.168Z] [INFO] Available consoles: nes, megadrive, snes, gba, gbc, psx, atari
[2026-01-27T15:46:40.169Z] [INFO] API Documentation available at: http:/localhost:9999/api-docs
[2026-01-27T15:46:43.372Z] [INFO] Server started on port 9999 | Data: {"port":9999,"environment":"development","nodeVersion":"v22.20.0"}
[2026-01-27T15:46:43.373Z] [INFO] Available consoles: nes, megadrive, snes, gba, gbc, psx, atari
[2026-01-27T15:46:43.373Z] [INFO] API Documentation available at: http:/localhost:9999/api-docs
[2026-01-27T15:46:50.164Z] [INFO] Server started on port 9999 | Data: {"port":9999,"environment":"development","nodeVersion":"v22.20.0"}
[2026-01-27T15:46:50.166Z] [INFO] Available consoles: nes, megadrive, snes, gba, gbc, psx, atari
[2026-01-27T15:46:50.166Z] [INFO] API Documentation available at: http:/localhost:9999/api-docs
[2026-01-27T15:47:01.944Z] [INFO] Server started on port 9999 | Data: {"port":9999,"environment":"development","nodeVersion":"v22.20.0"}
[2026-01-27T15:47:01.945Z] [INFO] Available consoles: nes, megadrive, snes, gba, gbc, psx, atari
[2026-01-27T15:47:01.945Z] [INFO] API Documentation available at: http:/localhost:9999/api-docs
[2026-01-27T15:47:02.323Z] [INFO] Server started on port 9999 | Data: {"port":9999,"environment":"development","nodeVersion":"v22.20.0"}
[2026-01-27T15:47:02.324Z] [INFO] Available consoles: nes, megadrive, snes, gba, gbc, psx, atari
[2026-01-27T15:47:02.324Z] [INFO] API Documentation available at: http:/localhost:9999/api-docs
[2026-01-27T15:48:03.120Z] [INFO] Server started on port 9999 | Data: {"port":9999,"environment":"development","nodeVersion":"v22.20.0"}
[2026-01-27T15:48:03.120Z] [INFO] Available consoles: nes, megadrive, snes, gba, gbc, psx, atari
[2026-01-27T15:48:03.121Z] [INFO] API Documentation available at: http:/localhost:9999/api-docs
[2026-01-27T15:48:05.702Z] [INFO] Server started on port 9999 | Data: {"port":9999,"environment":"development","nodeVersion":"v22.20.0"}
[2026-01-27T15:48:05.703Z] [INFO] Available consoles: nes, megadrive, snes, gba, gbc, psx, atari
[2026-01-27T15:48:05.703Z] [INFO] API Documentation available at: http:/localhost:9999/api-docs
[2026-01-27T15:48:06.555Z] [INFO] Server started on port 9999 | Data: {"port":9999,"environment":"development","nodeVersion":"v22.20.0"}
[2026-01-27T15:48:06.556Z] [INFO] Available consoles: nes, megadrive, snes, gba, gbc, psx, atari
[2026-01-27T15:48:06.556Z] [INFO] API Documentation available at: http:/localhost:9999/api-docs
[2026-01-27T15:48:09.095Z] [INFO] Server started on port 9999 | Data: {"port":9999,"environment":"development","nodeVersion":"v22.20.0"}
[2026-01-27T15:48:09.096Z] [INFO] Available consoles: nes, megadrive, snes, gba, gbc, psx, atari
[2026-01-27T15:48:09.096Z] [INFO] API Documentation available at: http:/localhost:9999/api-docs
[2026-01-27T15:48:20.323Z] [INFO] Server started on port 9999 | Data: {"port":9999,"environment":"development","nodeVersion":"v22.20.0"}
[2026-01-27T15:48:20.324Z] [INFO] Available consoles: nes, megadrive, snes, gba, gbc, psx, atari
[2026-01-27T15:48:20.324Z] [INFO] API Documentation available at: http:/localhost:9999/api-docs
[2026-01-27T15:48:21.958Z] [INFO] Server started on port 9999 | Data: {"port":9999,"environment":"development","nodeVersion":"v22.20.0"}
[2026-01-27T15:48:21.959Z] [INFO] Available consoles: nes, megadrive, snes, gba, gbc, psx, atari
[2026-01-27T15:48:21.959Z] [INFO] API Documentation available at: http:/localhost:9999/api-docs
[2026-01-27T15:48:25.146Z] [INFO] Server started on port 9999 | Data: {"port":9999,"environment":"development","nodeVersion":"v22.20.0"}
[2026-01-27T15:48:25.147Z] [INFO] Available consoles: nes, megadrive, snes, gba, gbc, psx, atari
[2026-01-27T15:48:25.147Z] [INFO] API Documentation available at: http:/localhost:9999/api-docs
[2026-01-27T15:48:27.781Z] [INFO] Server started on port 9999 | Data: {"port":9999,"environment":"development","nodeVersion":"v22.20.0"}
[2026-01-27T15:48:27.781Z] [INFO] Available consoles: nes, megadrive, snes, gba, gbc, psx, atari
[2026-01-27T15:48:27.782Z] [INFO] API Documentation available at: http:/localhost:9999/api-docs
[2026-01-27T15:48:28.121Z] [INFO] Server started on port 9999 | Data: {"port":9999,"environment":"development","nodeVersion":"v22.20.0"}
[2026-01-27T15:48:28.122Z] [INFO] Available consoles: nes, megadrive, snes, gba, gbc, psx, atari
[2026-01-27T15:48:28.122Z] [INFO] API Documentation available at: http:/localhost:9999/api-docs
[2026-01-27T15:48:31.445Z] [INFO] Server started on port 9999 | Data: {"port":9999,"environment":"development","nodeVersion":"v22.20.0"}
[2026-01-27T15:48:31.446Z] [INFO] Available consoles: nes, megadrive, snes, gba, gbc, psx, atari
[2026-01-27T15:48:31.446Z] [INFO] API Documentation available at: http:/localhost:9999/api-docs
[2026-01-27T15:48:54.499Z] [INFO] Server started on port 9999 | Data: {"port":9999,"environment":"development","nodeVersion":"v22.20.0"}
[2026-01-27T15:48:54.500Z] [INFO] Available consoles: nes, megadrive, snes, gba, gbc, psx, atari
[2026-01-27T15:48:54.500Z] [INFO] API Documentation available at: http:/localhost:9999/api-docs
[2026-01-27T15:48:56.327Z] [INFO] Server started on port 9999 | Data: {"port":9999,"environment":"development","nodeVersion":"v22.20.0"}
[2026-01-27T15:48:56.328Z] [INFO] Available consoles: nes, megadrive, snes, gba, gbc, psx, atari
[2026-01-27T15:48:56.328Z] [INFO] API Documentation available at: http:/localhost:9999/api-docs
[2026-01-27T15:49:07.079Z] [INFO] Server started on port 9999 | Data: {"port":9999,"environment":"development","nodeVersion":"v22.20.0"}
[2026-01-27T15:49:07.079Z] [INFO] Available consoles: nes, megadrive, snes, gba, gbc, psx, atari
[2026-01-27T15:49:07.080Z] [INFO] API Documentation available at: http:/localhost:9999/api-docs
[2026-01-27T15:49:15.958Z] [INFO] API Request | Data: {"method":"GET","path":"/romserv/consoles","ip":"::1"}
[2026-01-27T15:49:15.962Z] [INFO] Request completed successfully | Data: {"method":"GET","path":"/consoles","status":200,"duration":"4ms","ip":"::1","userAgent":"Mozilla/5.0 (Windows NT 10.0; Win64; x64) AppleWebKit/537.36 (KHTML, like Gecko) Chrome/144.0.0.0 Safari/537.36"}
[2026-01-27T15:49:15.963Z] [INFO] API Request | Data: {"method":"GET","path":"/romserv/consoles","ip":"::1"}
[2026-01-27T15:49:15.965Z] [INFO] Request completed successfully | Data: {"method":"GET","path":"/consoles","status":304,"duration":"1ms","ip":"::1","userAgent":"Mozilla/5.0 (Windows NT 10.0; Win64; x64) AppleWebKit/537.36 (KHTML, like Gecko) Chrome/144.0.0.0 Safari/537.36"}
[2026-01-27T15:49:15.972Z] [INFO] API Request | Data: {"method":"GET","path":"/romserv/consoles/nes/games","ip":"::1"}
[2026-01-27T15:49:15.975Z] [INFO] Game list | Data: {"console":"nes","file":null}
[2026-01-27T15:49:15.976Z] [INFO] Request completed successfully | Data: {"method":"GET","path":"/consoles/nes/games","status":304,"duration":"3ms","ip":"::1","userAgent":"Mozilla/5.0 (Windows NT 10.0; Win64; x64) AppleWebKit/537.36 (KHTML, like Gecko) Chrome/144.0.0.0 Safari/537.36"}
[2026-01-27T15:49:15.983Z] [INFO] API Request | Data: {"method":"GET","path":"/romserv/consoles/nes/games","ip":"::1"}
[2026-01-27T15:49:15.985Z] [INFO] Game list | Data: {"console":"nes","file":null}
[2026-01-27T15:49:15.986Z] [INFO] Request completed successfully | Data: {"method":"GET","path":"/consoles/nes/games","status":304,"duration":"3ms","ip":"::1","userAgent":"Mozilla/5.0 (Windows NT 10.0; Win64; x64) AppleWebKit/537.36 (KHTML, like Gecko) Chrome/144.0.0.0 Safari/537.36"}
[2026-01-27T15:51:42.887Z] [INFO] Server started on port 9999 | Data: {"port":9999,"environment":"development","nodeVersion":"v22.20.0"}
[2026-01-27T15:51:42.888Z] [INFO] Available consoles: nes, megadrive, snes, gba, gbc, psx, atari
[2026-01-27T15:51:42.888Z] [INFO] API Documentation available at: http:/localhost:9999/api-docs
[2026-01-27T15:51:45.754Z] [INFO] Server started on port 9999 | Data: {"port":9999,"environment":"development","nodeVersion":"v22.20.0"}
[2026-01-27T15:51:45.754Z] [INFO] Available consoles: nes, megadrive, snes, gba, gbc, psx, atari
[2026-01-27T15:51:45.755Z] [INFO] API Documentation available at: http:/localhost:9999/api-docs
[2026-01-27T15:51:55.008Z] [INFO] Server started on port 9999 | Data: {"port":9999,"environment":"development","nodeVersion":"v22.20.0"}
[2026-01-27T15:51:55.009Z] [INFO] Available consoles: nes, megadrive, snes, gba, gbc, psx, atari
[2026-01-27T15:51:55.009Z] [INFO] API Documentation available at: http:/localhost:9999/api-docs
[2026-01-27T15:53:00.625Z] [INFO] Server started on port 9999 | Data: {"port":9999,"environment":"development","nodeVersion":"v22.20.0"}
[2026-01-27T15:53:00.626Z] [INFO] Available consoles: nes, megadrive, snes, gba, gbc, psx, atari
[2026-01-27T15:53:00.626Z] [INFO] API Documentation available at: http:/localhost:9999/api-docs
[2026-01-27T15:53:02.601Z] [INFO] Server started on port 9999 | Data: {"port":9999,"environment":"development","nodeVersion":"v22.20.0"}
[2026-01-27T15:53:02.602Z] [INFO] Available consoles: nes, megadrive, snes, gba, gbc, psx, atari
[2026-01-27T15:53:02.602Z] [INFO] API Documentation available at: http:/localhost:9999/api-docs
[2026-01-27T15:53:11.156Z] [INFO] Server started on port 9999 | Data: {"port":9999,"environment":"development","nodeVersion":"v22.20.0"}
[2026-01-27T15:53:11.157Z] [INFO] Available consoles: nes, megadrive, snes, gba, gbc, psx, atari
[2026-01-27T15:53:11.158Z] [INFO] API Documentation available at: http:/localhost:9999/api-docs
[2026-01-27T15:53:18.252Z] [INFO] API Request | Data: {"method":"GET","path":"/romserv/consoles","ip":"::1"}
[2026-01-27T15:53:18.256Z] [INFO] Request completed successfully | Data: {"method":"GET","path":"/consoles","status":304,"duration":"4ms","ip":"::1","userAgent":"Mozilla/5.0 (Windows NT 10.0; Win64; x64) AppleWebKit/537.36 (KHTML, like Gecko) Chrome/144.0.0.0 Safari/537.36"}
[2026-01-27T15:53:18.257Z] [INFO] API Request | Data: {"method":"GET","path":"/romserv/consoles","ip":"::1"}
[2026-01-27T15:53:18.259Z] [INFO] Request completed successfully | Data: {"method":"GET","path":"/consoles","status":304,"duration":"1ms","ip":"::1","userAgent":"Mozilla/5.0 (Windows NT 10.0; Win64; x64) AppleWebKit/537.36 (KHTML, like Gecko) Chrome/144.0.0.0 Safari/537.36"}
[2026-01-27T15:53:18.264Z] [INFO] API Request | Data: {"method":"GET","path":"/romserv/consoles/nes/games","ip":"::1"}
[2026-01-27T15:53:18.266Z] [INFO] Game list | Data: {"console":"nes","file":null}
[2026-01-27T15:53:18.269Z] [INFO] Request completed successfully | Data: {"method":"GET","path":"/consoles/nes/games","status":304,"duration":"4ms","ip":"::1","userAgent":"Mozilla/5.0 (Windows NT 10.0; Win64; x64) AppleWebKit/537.36 (KHTML, like Gecko) Chrome/144.0.0.0 Safari/537.36"}
[2026-01-27T15:53:18.275Z] [INFO] API Request | Data: {"method":"GET","path":"/romserv/consoles/nes/games","ip":"::1"}
[2026-01-27T15:53:18.276Z] [INFO] Game list | Data: {"console":"nes","file":null}
[2026-01-27T15:53:18.277Z] [INFO] Request completed successfully | Data: {"method":"GET","path":"/consoles/nes/games","status":304,"duration":"3ms","ip":"::1","userAgent":"Mozilla/5.0 (Windows NT 10.0; Win64; x64) AppleWebKit/537.36 (KHTML, like Gecko) Chrome/144.0.0.0 Safari/537.36"}
[2026-01-27T15:53:49.937Z] [INFO] Server started on port 9999 | Data: {"port":9999,"environment":"development","nodeVersion":"v22.20.0"}
[2026-01-27T15:53:49.938Z] [INFO] Available consoles: nes, megadrive, snes, gba, gbc, psx, atari
[2026-01-27T15:53:49.938Z] [INFO] API Documentation available at: http:/localhost:9999/api-docs
[2026-01-27T15:55:55.385Z] [INFO] SIGINT received, shutting down gracefully
[2026-01-27T15:57:34.389Z] [INFO] Server started on port 9999 | Data: {"port":9999,"environment":"development","nodeVersion":"v22.20.0"}
[2026-01-27T15:57:34.390Z] [INFO] Available consoles: nes, megadrive, snes, gba, gbc, psx, atari
[2026-01-27T15:57:34.390Z] [INFO] API Documentation available at: http:/localhost:9999/api-docs
[2026-01-27T15:59:09.250Z] [INFO] Server started on port 9999 | Data: {"port":9999,"environment":"development","nodeVersion":"v22.20.0"}
[2026-01-27T15:59:09.252Z] [INFO] Available consoles: nes, megadrive, snes, gba, gbc, psx, atari
[2026-01-27T15:59:09.252Z] [INFO] API Documentation available at: http:/localhost:9999/api-docs
[2026-01-27T15:59:09.438Z] [INFO] Server started on port 9999 | Data: {"port":9999,"environment":"development","nodeVersion":"v22.20.0"}
[2026-01-27T15:59:09.439Z] [INFO] Available consoles: nes, megadrive, snes, gba, gbc, psx, atari
[2026-01-27T15:59:09.440Z] [INFO] API Documentation available at: http:/localhost:9999/api-docs
[2026-01-27T15:59:15.232Z] [INFO] Server started on port 9999 | Data: {"port":9999,"environment":"development","nodeVersion":"v22.20.0"}
[2026-01-27T15:59:15.233Z] [INFO] Available consoles: nes, megadrive, snes, gba, gbc, psx, atari
[2026-01-27T15:59:15.233Z] [INFO] API Documentation available at: http:/localhost:9999/api-docs
[2026-01-27T15:59:18.081Z] [INFO] Server started on port 9999 | Data: {"port":9999,"environment":"development","nodeVersion":"v22.20.0"}
[2026-01-27T15:59:18.082Z] [INFO] Available consoles: nes, megadrive, snes, gba, gbc, psx, atari
[2026-01-27T15:59:18.082Z] [INFO] API Documentation available at: http:/localhost:9999/api-docs
[2026-01-27T15:59:21.268Z] [INFO] Server started on port 9999 | Data: {"port":9999,"environment":"development","nodeVersion":"v22.20.0"}
[2026-01-27T15:59:21.269Z] [INFO] Available consoles: nes, megadrive, snes, gba, gbc, psx, atari
[2026-01-27T15:59:21.270Z] [INFO] API Documentation available at: http:/localhost:9999/api-docs
[2026-01-27T15:59:21.457Z] [INFO] Server started on port 9999 | Data: {"port":9999,"environment":"development","nodeVersion":"v22.20.0"}
[2026-01-27T15:59:21.457Z] [INFO] Available consoles: nes, megadrive, snes, gba, gbc, psx, atari
[2026-01-27T15:59:21.458Z] [INFO] API Documentation available at: http:/localhost:9999/api-docs
[2026-01-27T15:59:22.033Z] [INFO] Server started on port 9999 | Data: {"port":9999,"environment":"development","nodeVersion":"v22.20.0"}
[2026-01-27T15:59:22.034Z] [INFO] Available consoles: nes, megadrive, snes, gba, gbc, psx, atari
[2026-01-27T15:59:22.034Z] [INFO] API Documentation available at: http:/localhost:9999/api-docs
[2026-01-27T15:59:25.632Z] [INFO] Server started on port 9999 | Data: {"port":9999,"environment":"development","nodeVersion":"v22.20.0"}
[2026-01-27T15:59:25.633Z] [INFO] Available consoles: nes, megadrive, snes, gba, gbc, psx, atari
[2026-01-27T15:59:25.634Z] [INFO] API Documentation available at: http:/localhost:9999/api-docs
[2026-01-27T15:59:32.554Z] [INFO] Server started on port 9999 | Data: {"port":9999,"environment":"development","nodeVersion":"v22.20.0"}
[2026-01-27T15:59:32.555Z] [INFO] Available consoles: nes, megadrive, snes, gba, gbc, psx, atari
[2026-01-27T15:59:32.555Z] [INFO] API Documentation available at: http:/localhost:9999/api-docs
[2026-01-27T15:59:47.582Z] [INFO] Server started on port 9999 | Data: {"port":9999,"environment":"development","nodeVersion":"v22.20.0"}
[2026-01-27T15:59:47.582Z] [INFO] Available consoles: nes, megadrive, snes, gba, gbc, psx, atari
[2026-01-27T15:59:47.583Z] [INFO] API Documentation available at: http:/localhost:9999/api-docs
[2026-01-27T15:59:54.076Z] [INFO] Server started on port 9999 | Data: {"port":9999,"environment":"development","nodeVersion":"v22.20.0"}
[2026-01-27T15:59:54.077Z] [INFO] Available consoles: nes, megadrive, snes, gba, gbc, psx, atari
[2026-01-27T15:59:54.077Z] [INFO] API Documentation available at: http:/localhost:9999/api-docs
[2026-01-27T15:59:56.425Z] [INFO] Server started on port 9999 | Data: {"port":9999,"environment":"development","nodeVersion":"v22.20.0"}
[2026-01-27T15:59:56.425Z] [INFO] Available consoles: nes, megadrive, snes, gba, gbc, psx, atari
[2026-01-27T15:59:56.425Z] [INFO] API Documentation available at: http:/localhost:9999/api-docs
[2026-01-27T15:59:59.338Z] [INFO] Server started on port 9999 | Data: {"port":9999,"environment":"development","nodeVersion":"v22.20.0"}
[2026-01-27T15:59:59.339Z] [INFO] Available consoles: nes, megadrive, snes, gba, gbc, psx, atari
[2026-01-27T15:59:59.339Z] [INFO] API Documentation available at: http:/localhost:9999/api-docs
[2026-01-27T16:00:00.164Z] [INFO] Server started on port 9999 | Data: {"port":9999,"environment":"development","nodeVersion":"v22.20.0"}
[2026-01-27T16:00:00.165Z] [INFO] Available consoles: nes, megadrive, snes, gba, gbc, psx, atari
[2026-01-27T16:00:00.165Z] [INFO] API Documentation available at: http:/localhost:9999/api-docs
[2026-01-27T16:00:01.159Z] [INFO] Server started on port 9999 | Data: {"port":9999,"environment":"development","nodeVersion":"v22.20.0"}
[2026-01-27T16:00:01.160Z] [INFO] Available consoles: nes, megadrive, snes, gba, gbc, psx, atari
[2026-01-27T16:00:01.160Z] [INFO] API Documentation available at: http:/localhost:9999/api-docs
[2026-01-27T16:00:06.464Z] [INFO] Server started on port 9999 | Data: {"port":9999,"environment":"development","nodeVersion":"v22.20.0"}
[2026-01-27T16:00:06.464Z] [INFO] Available consoles: nes, megadrive, snes, gba, gbc, psx, atari
[2026-01-27T16:00:06.465Z] [INFO] API Documentation available at: http:/localhost:9999/api-docs
[2026-01-27T16:00:12.051Z] [INFO] Server started on port 9999 | Data: {"port":9999,"environment":"development","nodeVersion":"v22.20.0"}
[2026-01-27T16:00:12.051Z] [INFO] Available consoles: nes, megadrive, snes, gba, gbc, psx, atari
[2026-01-27T16:00:12.051Z] [INFO] API Documentation available at: http:/localhost:9999/api-docs
[2026-01-27T16:00:13.753Z] [INFO] Server started on port 9999 | Data: {"port":9999,"environment":"development","nodeVersion":"v22.20.0"}
[2026-01-27T16:00:13.754Z] [INFO] Available consoles: nes, megadrive, snes, gba, gbc, psx, atari
[2026-01-27T16:00:13.754Z] [INFO] API Documentation available at: http:/localhost:9999/api-docs
[2026-01-27T16:00:15.584Z] [INFO] Server started on port 9999 | Data: {"port":9999,"environment":"development","nodeVersion":"v22.20.0"}
[2026-01-27T16:00:15.585Z] [INFO] Available consoles: nes, megadrive, snes, gba, gbc, psx, atari
[2026-01-27T16:00:15.585Z] [INFO] API Documentation available at: http:/localhost:9999/api-docs
[2026-01-27T16:00:39.970Z] [INFO] Server started on port 9999 | Data: {"port":9999,"environment":"development","nodeVersion":"v22.20.0"}
[2026-01-27T16:00:39.971Z] [INFO] Available consoles: nes, megadrive, snes, gba, gbc, psx, atari
[2026-01-27T16:00:46.682Z] [INFO] Server started on port 9999 | Data: {"port":9999,"environment":"development","nodeVersion":"v22.20.0"}
[2026-01-27T16:00:46.683Z] [INFO] Available consoles: nes, megadrive, snes, gba, gbc, psx, atari
[2026-01-27T16:01:22.333Z] [INFO] API Request | Data: {"method":"GET","path":"/romserv/consoles","ip":"::1"}
[2026-01-27T16:01:22.336Z] [INFO] Request completed successfully | Data: {"method":"GET","path":"/consoles","status":304,"duration":"4ms","ip":"::1","userAgent":"Mozilla/5.0 (Windows NT 10.0; Win64; x64) AppleWebKit/537.36 (KHTML, like Gecko) Chrome/144.0.0.0 Safari/537.36"}
[2026-01-27T16:01:22.337Z] [INFO] API Request | Data: {"method":"GET","path":"/romserv/consoles","ip":"::1"}
[2026-01-27T16:01:22.339Z] [INFO] Request completed successfully | Data: {"method":"GET","path":"/consoles","status":304,"duration":"1ms","ip":"::1","userAgent":"Mozilla/5.0 (Windows NT 10.0; Win64; x64) AppleWebKit/537.36 (KHTML, like Gecko) Chrome/144.0.0.0 Safari/537.36"}
[2026-01-27T16:01:22.343Z] [INFO] API Request | Data: {"method":"GET","path":"/romserv/consoles/nes/games","ip":"::1"}
[2026-01-27T16:01:22.349Z] [INFO] Game list | Data: {"console":"nes","file":null}
[2026-01-27T16:01:22.352Z] [INFO] Request completed successfully | Data: {"method":"GET","path":"/consoles/nes/games","status":304,"duration":"7ms","ip":"::1","userAgent":"Mozilla/5.0 (Windows NT 10.0; Win64; x64) AppleWebKit/537.36 (KHTML, like Gecko) Chrome/144.0.0.0 Safari/537.36"}
[2026-01-27T16:01:22.356Z] [INFO] API Request | Data: {"method":"GET","path":"/romserv/consoles/nes/games","ip":"::1"}
[2026-01-27T16:01:22.357Z] [INFO] Game list | Data: {"console":"nes","file":null}
[2026-01-27T16:01:22.358Z] [INFO] Request completed successfully | Data: {"method":"GET","path":"/consoles/nes/games","status":304,"duration":"2ms","ip":"::1","userAgent":"Mozilla/5.0 (Windows NT 10.0; Win64; x64) AppleWebKit/537.36 (KHTML, like Gecko) Chrome/144.0.0.0 Safari/537.36"}
[2026-01-27T16:02:51.693Z] [INFO] Server started on port 9999 | Data: {"port":9999,"environment":"development","nodeVersion":"v22.20.0"}
[2026-01-27T16:02:51.694Z] [INFO] Available consoles: nes, megadrive, snes, gba, gbc, psx, atari
[2026-01-27T16:02:55.601Z] [INFO] Server started on port 9999 | Data: {"port":9999,"environment":"development","nodeVersion":"v22.20.0"}
[2026-01-27T16:02:55.602Z] [INFO] Available consoles: nes, megadrive, snes, gba, gbc, psx, atari
[2026-01-27T16:03:12.054Z] [INFO] Server started on port 9999 | Data: {"port":9999,"environment":"development","nodeVersion":"v22.20.0"}
[2026-01-27T16:03:12.055Z] [INFO] Available consoles: nes, megadrive, snes, gba, gbc, psx, atari
[2026-01-27T16:03:13.127Z] [INFO] Server started on port 9999 | Data: {"port":9999,"environment":"development","nodeVersion":"v22.20.0"}
[2026-01-27T16:03:13.128Z] [INFO] Available consoles: nes, megadrive, snes, gba, gbc, psx, atari
[2026-01-27T16:03:13.679Z] [INFO] Server started on port 9999 | Data: {"port":9999,"environment":"development","nodeVersion":"v22.20.0"}
[2026-01-27T16:03:13.680Z] [INFO] Available consoles: nes, megadrive, snes, gba, gbc, psx, atari
[2026-01-27T16:03:15.250Z] [INFO] Server started on port 9999 | Data: {"port":9999,"environment":"development","nodeVersion":"v22.20.0"}
[2026-01-27T16:03:15.250Z] [INFO] Available consoles: nes, megadrive, snes, gba, gbc, psx, atari
[2026-01-27T16:03:17.636Z] [INFO] Server started on port 9999 | Data: {"port":9999,"environment":"development","nodeVersion":"v22.20.0"}
[2026-01-27T16:03:17.637Z] [INFO] Available consoles: nes, megadrive, snes, gba, gbc, psx, atari
[2026-01-27T16:03:19.103Z] [INFO] Server started on port 9999 | Data: {"port":9999,"environment":"development","nodeVersion":"v22.20.0"}
[2026-01-27T16:03:19.104Z] [INFO] Available consoles: nes, megadrive, snes, gba, gbc, psx, atari
[2026-01-27T16:03:20.700Z] [INFO] Server started on port 9999 | Data: {"port":9999,"environment":"development","nodeVersion":"v22.20.0"}
[2026-01-27T16:03:20.700Z] [INFO] Available consoles: nes, megadrive, snes, gba, gbc, psx, atari
[2026-01-27T16:03:23.237Z] [INFO] Server started on port 9999 | Data: {"port":9999,"environment":"development","nodeVersion":"v22.20.0"}
[2026-01-27T16:03:23.237Z] [INFO] Available consoles: nes, megadrive, snes, gba, gbc, psx, atari
[2026-01-27T16:03:29.250Z] [INFO] Server started on port 9999 | Data: {"port":9999,"environment":"development","nodeVersion":"v22.20.0"}
[2026-01-27T16:03:29.250Z] [INFO] Available consoles: nes, megadrive, snes, gba, gbc, psx, atari
[2026-01-27T16:03:31.271Z] [INFO] Server started on port 9999 | Data: {"port":9999,"environment":"development","nodeVersion":"v22.20.0"}
[2026-01-27T16:03:31.272Z] [INFO] Available consoles: nes, megadrive, snes, gba, gbc, psx, atari
[2026-01-27T16:03:35.939Z] [INFO] Server started on port 9999 | Data: {"port":9999,"environment":"development","nodeVersion":"v22.20.0"}
[2026-01-27T16:03:35.940Z] [INFO] Available consoles: nes, megadrive, snes, gba, gbc, psx, atari
[2026-01-27T16:03:36.923Z] [INFO] Server started on port 9999 | Data: {"port":9999,"environment":"development","nodeVersion":"v22.20.0"}
[2026-01-27T16:03:36.924Z] [INFO] Available consoles: nes, megadrive, snes, gba, gbc, psx, atari
[2026-01-27T16:03:38.254Z] [INFO] Server started on port 9999 | Data: {"port":9999,"environment":"development","nodeVersion":"v22.20.0"}
[2026-01-27T16:03:38.255Z] [INFO] Available consoles: nes, megadrive, snes, gba, gbc, psx, atari
[2026-01-27T16:03:45.687Z] [INFO] Server started on port 9999 | Data: {"port":9999,"environment":"development","nodeVersion":"v22.20.0"}
[2026-01-27T16:03:45.688Z] [INFO] Available consoles: nes, megadrive, snes, gba, gbc, psx, atari
[2026-01-27T16:05:14.701Z] [INFO] Server started on port 9999 | Data: {"port":9999,"environment":"development","nodeVersion":"v22.20.0"}
[2026-01-27T16:05:14.701Z] [INFO] Available consoles: nes, megadrive, snes, gba, gbc, psx, atari
[2026-01-27T16:05:18.668Z] [INFO] Server started on port 9999 | Data: {"port":9999,"environment":"development","nodeVersion":"v22.20.0"}
[2026-01-27T16:05:18.669Z] [INFO] Available consoles: nes, megadrive, snes, gba, gbc, psx, atari
[2026-01-27T16:05:27.206Z] [INFO] Server started on port 9999 | Data: {"port":9999,"environment":"development","nodeVersion":"v22.20.0"}
[2026-01-27T16:05:27.206Z] [INFO] Available consoles: nes, megadrive, snes, gba, gbc, psx, atari
[2026-01-27T16:06:25.391Z] [INFO] Server started on port 9999 | Data: {"port":9999,"environment":"development","nodeVersion":"v22.20.0"}
[2026-01-27T16:06:25.392Z] [INFO] Available consoles: nes, megadrive, snes, gba, gbc, psx, atari
[2026-01-27T16:06:28.029Z] [INFO] Server started on port 9999 | Data: {"port":9999,"environment":"development","nodeVersion":"v22.20.0"}
[2026-01-27T16:06:28.030Z] [INFO] Available consoles: nes, megadrive, snes, gba, gbc, psx, atari
[2026-01-27T16:06:29.642Z] [INFO] Server started on port 9999 | Data: {"port":9999,"environment":"development","nodeVersion":"v22.20.0"}
[2026-01-27T16:06:29.643Z] [INFO] Available consoles: nes, megadrive, snes, gba, gbc, psx, atari
[2026-01-27T16:06:30.185Z] [INFO] Server started on port 9999 | Data: {"port":9999,"environment":"development","nodeVersion":"v22.20.0"}
[2026-01-27T16:06:30.186Z] [INFO] Available consoles: nes, megadrive, snes, gba, gbc, psx, atari
[2026-01-27T16:06:32.083Z] [INFO] Server started on port 9999 | Data: {"port":9999,"environment":"development","nodeVersion":"v22.20.0"}
[2026-01-27T16:06:32.083Z] [INFO] Available consoles: nes, megadrive, snes, gba, gbc, psx, atari
[2026-01-27T16:06:35.673Z] [INFO] Server started on port 9999 | Data: {"port":9999,"environment":"development","nodeVersion":"v22.20.0"}
[2026-01-27T16:06:35.674Z] [INFO] Available consoles: nes, megadrive, snes, gba, gbc, psx, atari
[2026-01-27T16:06:39.047Z] [INFO] Server started on port 9999 | Data: {"port":9999,"environment":"development","nodeVersion":"v22.20.0"}
[2026-01-27T16:06:39.048Z] [INFO] Available consoles: nes, megadrive, snes, gba, gbc, psx, atari
[2026-01-27T16:06:40.796Z] [INFO] Server started on port 9999 | Data: {"port":9999,"environment":"development","nodeVersion":"v22.20.0"}
[2026-01-27T16:06:40.797Z] [INFO] Available consoles: nes, megadrive, snes, gba, gbc, psx, atari
[2026-01-27T16:06:51.550Z] [INFO] Server started on port 9999 | Data: {"port":9999,"environment":"development","nodeVersion":"v22.20.0"}
[2026-01-27T16:06:51.551Z] [INFO] Available consoles: nes, megadrive, snes, gba, gbc, psx, atari
[2026-01-27T16:07:02.592Z] [INFO] API Request | Data: {"method":"GET","path":"/romserv/consoles","ip":"::1"}
[2026-01-27T16:07:02.597Z] [INFO] Request completed successfully | Data: {"method":"GET","path":"/consoles","status":304,"duration":"5ms","ip":"::1","userAgent":"Mozilla/5.0 (Windows NT 10.0; Win64; x64) AppleWebKit/537.36 (KHTML, like Gecko) Chrome/144.0.0.0 Safari/537.36"}
[2026-01-27T16:07:02.598Z] [INFO] API Request | Data: {"method":"GET","path":"/romserv/consoles","ip":"::1"}
[2026-01-27T16:07:02.600Z] [INFO] Request completed successfully | Data: {"method":"GET","path":"/consoles","status":304,"duration":"1ms","ip":"::1","userAgent":"Mozilla/5.0 (Windows NT 10.0; Win64; x64) AppleWebKit/537.36 (KHTML, like Gecko) Chrome/144.0.0.0 Safari/537.36"}
[2026-01-27T16:07:02.603Z] [INFO] API Request | Data: {"method":"GET","path":"/romserv/consoles/nes/games","ip":"::1"}
[2026-01-27T16:07:02.609Z] [INFO] Game list | Data: {"console":"nes","file":null}
[2026-01-27T16:07:02.612Z] [INFO] Request completed successfully | Data: {"method":"GET","path":"/consoles/nes/games","status":304,"duration":"8ms","ip":"::1","userAgent":"Mozilla/5.0 (Windows NT 10.0; Win64; x64) AppleWebKit/537.36 (KHTML, like Gecko) Chrome/144.0.0.0 Safari/537.36"}
[2026-01-27T16:07:02.614Z] [INFO] API Request | Data: {"method":"GET","path":"/romserv/consoles/nes/games","ip":"::1"}
[2026-01-27T16:07:02.615Z] [INFO] Game list | Data: {"console":"nes","file":null}
[2026-01-27T16:07:02.616Z] [INFO] Request completed successfully | Data: {"method":"GET","path":"/consoles/nes/games","status":304,"duration":"2ms","ip":"::1","userAgent":"Mozilla/5.0 (Windows NT 10.0; Win64; x64) AppleWebKit/537.36 (KHTML, like Gecko) Chrome/144.0.0.0 Safari/537.36"}
[2026-01-27T16:09:44.825Z] [INFO] Server started on port 9999 | Data: {"port":9999,"environment":"development","nodeVersion":"v22.20.0"}
[2026-01-27T16:09:44.826Z] [INFO] Available consoles: nes, megadrive, snes, gba, gbc, psx, atari
[2026-01-27T16:09:46.783Z] [INFO] Server started on port 9999 | Data: {"port":9999,"environment":"development","nodeVersion":"v22.20.0"}
[2026-01-27T16:09:46.784Z] [INFO] Available consoles: nes, megadrive, snes, gba, gbc, psx, atari
[2026-01-27T16:09:48.142Z] [INFO] Server started on port 9999 | Data: {"port":9999,"environment":"development","nodeVersion":"v22.20.0"}
[2026-01-27T16:09:48.142Z] [INFO] Available consoles: nes, megadrive, snes, gba, gbc, psx, atari
[2026-01-27T16:09:52.943Z] [INFO] Server started on port 9999 | Data: {"port":9999,"environment":"development","nodeVersion":"v22.20.0"}
[2026-01-27T16:09:52.944Z] [INFO] Available consoles: nes, megadrive, snes, gba, gbc, psx, atari
[2026-01-27T16:09:54.091Z] [INFO] Server started on port 9999 | Data: {"port":9999,"environment":"development","nodeVersion":"v22.20.0"}
[2026-01-27T16:09:54.092Z] [INFO] Available consoles: nes, megadrive, snes, gba, gbc, psx, atari
[2026-01-27T16:10:00.497Z] [INFO] Server started on port 9999 | Data: {"port":9999,"environment":"development","nodeVersion":"v22.20.0"}
[2026-01-27T16:10:00.498Z] [INFO] Available consoles: nes, megadrive, snes, gba, gbc, psx, atari
[2026-01-27T16:10:00.715Z] [INFO] Server started on port 9999 | Data: {"port":9999,"environment":"development","nodeVersion":"v22.20.0"}
[2026-01-27T16:10:00.716Z] [INFO] Available consoles: nes, megadrive, snes, gba, gbc, psx, atari
[2026-01-27T16:10:01.848Z] [INFO] Server started on port 9999 | Data: {"port":9999,"environment":"development","nodeVersion":"v22.20.0"}
[2026-01-27T16:10:01.849Z] [INFO] Available consoles: nes, megadrive, snes, gba, gbc, psx, atari
[2026-01-27T16:10:02.718Z] [INFO] Server started on port 9999 | Data: {"port":9999,"environment":"development","nodeVersion":"v22.20.0"}
[2026-01-27T16:10:02.718Z] [INFO] Available consoles: nes, megadrive, snes, gba, gbc, psx, atari
[2026-01-27T16:10:03.090Z] [INFO] Server started on port 9999 | Data: {"port":9999,"environment":"development","nodeVersion":"v22.20.0"}
[2026-01-27T16:10:03.091Z] [INFO] Available consoles: nes, megadrive, snes, gba, gbc, psx, atari
[2026-01-27T16:10:03.840Z] [INFO] Server started on port 9999 | Data: {"port":9999,"environment":"development","nodeVersion":"v22.20.0"}
[2026-01-27T16:10:03.840Z] [INFO] Available consoles: nes, megadrive, snes, gba, gbc, psx, atari
[2026-01-27T16:10:04.969Z] [INFO] Server started on port 9999 | Data: {"port":9999,"environment":"development","nodeVersion":"v22.20.0"}
[2026-01-27T16:10:04.970Z] [INFO] Available consoles: nes, megadrive, snes, gba, gbc, psx, atari
[2026-01-27T16:10:07.727Z] [INFO] Server started on port 9999 | Data: {"port":9999,"environment":"development","nodeVersion":"v22.20.0"}
[2026-01-27T16:10:07.728Z] [INFO] Available consoles: nes, megadrive, snes, gba, gbc, psx, atari
[2026-01-27T16:10:09.230Z] [INFO] Server started on port 9999 | Data: {"port":9999,"environment":"development","nodeVersion":"v22.20.0"}
[2026-01-27T16:10:09.231Z] [INFO] Available consoles: nes, megadrive, snes, gba, gbc, psx, atari
[2026-01-27T16:10:13.583Z] [INFO] Server started on port 9999 | Data: {"port":9999,"environment":"development","nodeVersion":"v22.20.0"}
[2026-01-27T16:10:13.583Z] [INFO] Available consoles: nes, megadrive, snes, gba, gbc, psx, atari
[2026-01-27T16:10:16.531Z] [INFO] Server started on port 9999 | Data: {"port":9999,"environment":"development","nodeVersion":"v22.20.0"}
[2026-01-27T16:10:16.532Z] [INFO] Available consoles: nes, megadrive, snes, gba, gbc, psx, atari
[2026-01-27T16:10:16.912Z] [INFO] Server started on port 9999 | Data: {"port":9999,"environment":"development","nodeVersion":"v22.20.0"}
[2026-01-27T16:10:16.913Z] [INFO] Available consoles: nes, megadrive, snes, gba, gbc, psx, atari
[2026-01-27T16:10:17.855Z] [INFO] Server started on port 9999 | Data: {"port":9999,"environment":"development","nodeVersion":"v22.20.0"}
[2026-01-27T16:10:17.856Z] [INFO] Available consoles: nes, megadrive, snes, gba, gbc, psx, atari
[2026-01-27T16:10:18.400Z] [INFO] Server started on port 9999 | Data: {"port":9999,"environment":"development","nodeVersion":"v22.20.0"}
[2026-01-27T16:10:18.401Z] [INFO] Available consoles: nes, megadrive, snes, gba, gbc, psx, atari
[2026-01-27T16:10:21.934Z] [INFO] Server started on port 9999 | Data: {"port":9999,"environment":"development","nodeVersion":"v22.20.0"}
[2026-01-27T16:10:21.935Z] [INFO] Available consoles: nes, megadrive, snes, gba, gbc, psx, atari
[2026-01-27T16:10:23.069Z] [INFO] Server started on port 9999 | Data: {"port":9999,"environment":"development","nodeVersion":"v22.20.0"}
[2026-01-27T16:10:23.069Z] [INFO] Available consoles: nes, megadrive, snes, gba, gbc, psx, atari
[2026-01-27T16:10:24.171Z] [INFO] Server started on port 9999 | Data: {"port":9999,"environment":"development","nodeVersion":"v22.20.0"}
[2026-01-27T16:10:24.172Z] [INFO] Available consoles: nes, megadrive, snes, gba, gbc, psx, atari
[2026-01-27T16:10:25.280Z] [INFO] Server started on port 9999 | Data: {"port":9999,"environment":"development","nodeVersion":"v22.20.0"}
[2026-01-27T16:10:25.281Z] [INFO] Available consoles: nes, megadrive, snes, gba, gbc, psx, atari
[2026-01-27T16:10:25.834Z] [INFO] Server started on port 9999 | Data: {"port":9999,"environment":"development","nodeVersion":"v22.20.0"}
[2026-01-27T16:10:25.835Z] [INFO] Available consoles: nes, megadrive, snes, gba, gbc, psx, atari
[2026-01-27T16:10:26.301Z] [INFO] Server started on port 9999 | Data: {"port":9999,"environment":"development","nodeVersion":"v22.20.0"}
[2026-01-27T16:10:26.302Z] [INFO] Available consoles: nes, megadrive, snes, gba, gbc, psx, atari
[2026-01-27T16:10:27.493Z] [INFO] Server started on port 9999 | Data: {"port":9999,"environment":"development","nodeVersion":"v22.20.0"}
[2026-01-27T16:10:27.494Z] [INFO] Available consoles: nes, megadrive, snes, gba, gbc, psx, atari
[2026-01-27T16:10:29.028Z] [INFO] Server started on port 9999 | Data: {"port":9999,"environment":"development","nodeVersion":"v22.20.0"}
[2026-01-27T16:10:29.028Z] [INFO] Available consoles: nes, megadrive, snes, gba, gbc, psx, atari
[2026-01-27T16:10:29.510Z] [INFO] Server started on port 9999 | Data: {"port":9999,"environment":"development","nodeVersion":"v22.20.0"}
[2026-01-27T16:10:29.510Z] [INFO] Available consoles: nes, megadrive, snes, gba, gbc, psx, atari
[2026-01-27T16:10:30.778Z] [INFO] Server started on port 9999 | Data: {"port":9999,"environment":"development","nodeVersion":"v22.20.0"}
[2026-01-27T16:10:30.779Z] [INFO] Available consoles: nes, megadrive, snes, gba, gbc, psx, atari
[2026-01-27T16:10:37.452Z] [INFO] Server started on port 9999 | Data: {"port":9999,"environment":"development","nodeVersion":"v22.20.0"}
[2026-01-27T16:10:37.453Z] [INFO] Available consoles: nes, megadrive, snes, gba, gbc, psx, atari
[2026-01-27T16:11:08.851Z] [INFO] Server started on port 9999 | Data: {"port":9999,"environment":"development","nodeVersion":"v22.20.0"}
[2026-01-27T16:11:08.852Z] [INFO] Available consoles: nes, megadrive, snes, gba, gbc, psx, atari
[2026-01-27T16:11:17.611Z] [INFO] Server started on port 9999 | Data: {"port":9999,"environment":"development","nodeVersion":"v22.20.0"}
[2026-01-27T16:11:17.613Z] [INFO] Available consoles: nes, megadrive, snes, gba, gbc, psx, atari
[2026-01-27T16:11:18.730Z] [INFO] Server started on port 9999 | Data: {"port":9999,"environment":"development","nodeVersion":"v22.20.0"}
[2026-01-27T16:11:18.731Z] [INFO] Available consoles: nes, megadrive, snes, gba, gbc, psx, atari
[2026-01-27T16:11:31.273Z] [INFO] Server started on port 9999 | Data: {"port":9999,"environment":"development","nodeVersion":"v22.20.0"}
[2026-01-27T16:11:31.274Z] [INFO] Available consoles: nes, megadrive, snes, gba, gbc, psx, atari
[2026-01-27T16:11:47.530Z] [INFO] Server started on port 9999 | Data: {"port":9999,"environment":"development","nodeVersion":"v22.20.0"}
[2026-01-27T16:11:47.531Z] [INFO] Available consoles: nes, megadrive, snes, gba, gbc, psx, atari
[2026-01-27T16:12:49.091Z] [INFO] API Request | Data: {"method":"GET","path":"/romserv/consoles","ip":"::1"}
[2026-01-27T16:12:49.095Z] [INFO] Request completed successfully | Data: {"method":"GET","path":"/consoles","status":304,"duration":"5ms","ip":"::1","userAgent":"Mozilla/5.0 (Windows NT 10.0; Win64; x64) AppleWebKit/537.36 (KHTML, like Gecko) Chrome/144.0.0.0 Safari/537.36"}
[2026-01-27T16:12:49.097Z] [INFO] API Request | Data: {"method":"GET","path":"/romserv/consoles","ip":"::1"}
[2026-01-27T16:12:49.099Z] [INFO] Request completed successfully | Data: {"method":"GET","path":"/consoles","status":304,"duration":"1ms","ip":"::1","userAgent":"Mozilla/5.0 (Windows NT 10.0; Win64; x64) AppleWebKit/537.36 (KHTML, like Gecko) Chrome/144.0.0.0 Safari/537.36"}
[2026-01-27T16:12:49.107Z] [INFO] API Request | Data: {"method":"GET","path":"/romserv/consoles/nes/games","ip":"::1"}
[2026-01-27T16:12:49.110Z] [INFO] Game list | Data: {"console":"nes","file":null}
[2026-01-27T16:12:49.115Z] [INFO] Request completed successfully | Data: {"method":"GET","path":"/consoles/nes/games","status":304,"duration":"4ms","ip":"::1","userAgent":"Mozilla/5.0 (Windows NT 10.0; Win64; x64) AppleWebKit/537.36 (KHTML, like Gecko) Chrome/144.0.0.0 Safari/537.36"}
[2026-01-27T16:12:49.117Z] [INFO] API Request | Data: {"method":"GET","path":"/romserv/consoles/nes/games","ip":"::1"}
[2026-01-27T16:12:49.118Z] [INFO] Game list | Data: {"console":"nes","file":null}
[2026-01-27T16:12:49.119Z] [INFO] Request completed successfully | Data: {"method":"GET","path":"/consoles/nes/games","status":304,"duration":"2ms","ip":"::1","userAgent":"Mozilla/5.0 (Windows NT 10.0; Win64; x64) AppleWebKit/537.36 (KHTML, like Gecko) Chrome/144.0.0.0 Safari/537.36"}
[2026-01-27T16:12:52.263Z] [INFO] API Request | Data: {"method":"GET","path":"/romserv/consoles","ip":"::1"}
[2026-01-27T16:12:52.265Z] [INFO] Request completed successfully | Data: {"method":"GET","path":"/consoles","status":200,"duration":"2ms","ip":"::1","userAgent":"Mozilla/5.0 (Windows NT 10.0; Win64; x64) AppleWebKit/537.36 (KHTML, like Gecko) Chrome/144.0.0.0 Safari/537.36"}
[2026-01-27T16:12:52.266Z] [INFO] API Request | Data: {"method":"GET","path":"/romserv/consoles","ip":"::1"}
[2026-01-27T16:12:52.267Z] [INFO] Request completed successfully | Data: {"method":"GET","path":"/consoles","status":304,"duration":"0ms","ip":"::1","userAgent":"Mozilla/5.0 (Windows NT 10.0; Win64; x64) AppleWebKit/537.36 (KHTML, like Gecko) Chrome/144.0.0.0 Safari/537.36"}
[2026-01-27T16:12:52.290Z] [INFO] API Request | Data: {"method":"GET","path":"/romserv/consoles/nes/games","ip":"::1"}
[2026-01-27T16:12:52.291Z] [INFO] Game list | Data: {"console":"nes","file":null}
[2026-01-27T16:12:52.292Z] [INFO] Request completed successfully | Data: {"method":"GET","path":"/consoles/nes/games","status":200,"duration":"2ms","ip":"::1","userAgent":"Mozilla/5.0 (Windows NT 10.0; Win64; x64) AppleWebKit/537.36 (KHTML, like Gecko) Chrome/144.0.0.0 Safari/537.36"}
[2026-01-27T16:15:31.559Z] [INFO] API Request | Data: {"method":"GET","path":"/romserv/consoles","ip":"::1"}
[2026-01-27T16:15:31.560Z] [INFO] Request completed successfully | Data: {"method":"GET","path":"/consoles","status":200,"duration":"2ms","ip":"::1","userAgent":"Mozilla/5.0 (Windows NT 10.0; Win64; x64) AppleWebKit/537.36 (KHTML, like Gecko) Chrome/144.0.0.0 Safari/537.36"}
[2026-01-27T16:15:31.561Z] [INFO] API Request | Data: {"method":"GET","path":"/romserv/consoles","ip":"::1"}
[2026-01-27T16:15:31.563Z] [INFO] Request completed successfully | Data: {"method":"GET","path":"/consoles","status":304,"duration":"2ms","ip":"::1","userAgent":"Mozilla/5.0 (Windows NT 10.0; Win64; x64) AppleWebKit/537.36 (KHTML, like Gecko) Chrome/144.0.0.0 Safari/537.36"}
[2026-01-27T16:15:31.568Z] [INFO] API Request | Data: {"method":"GET","path":"/romserv/consoles/nes/games","ip":"::1"}
[2026-01-27T16:15:31.569Z] [INFO] Game list | Data: {"console":"nes","file":null}
[2026-01-27T16:15:31.571Z] [INFO] Request completed successfully | Data: {"method":"GET","path":"/consoles/nes/games","status":200,"duration":"2ms","ip":"::1","userAgent":"Mozilla/5.0 (Windows NT 10.0; Win64; x64) AppleWebKit/537.36 (KHTML, like Gecko) Chrome/144.0.0.0 Safari/537.36"}
[2026-01-27T16:17:55.482Z] [INFO] Server started on port 9999 | Data: {"port":9999,"environment":"development","nodeVersion":"v22.20.0"}
[2026-01-27T16:17:55.483Z] [INFO] Available consoles: nes, megadrive, snes, gba, gbc, psx, atari
[2026-01-27T16:18:05.271Z] [INFO] Server started on port 9999 | Data: {"port":9999,"environment":"development","nodeVersion":"v22.20.0"}
[2026-01-27T16:18:05.272Z] [INFO] Available consoles: nes, megadrive, snes, gba, gbc, psx, atari
[2026-01-27T16:18:22.699Z] [INFO] Server started on port 9999 | Data: {"port":9999,"environment":"development","nodeVersion":"v22.20.0"}
[2026-01-27T16:18:22.699Z] [INFO] Available consoles: nes, megadrive, snes, gba, gbc, psx, atari
[2026-01-27T16:18:25.074Z] [INFO] Server started on port 9999 | Data: {"port":9999,"environment":"development","nodeVersion":"v22.20.0"}
[2026-01-27T16:18:25.075Z] [INFO] Available consoles: nes, megadrive, snes, gba, gbc, psx, atari
[2026-01-27T16:18:25.597Z] [INFO] Server started on port 9999 | Data: {"port":9999,"environment":"development","nodeVersion":"v22.20.0"}
[2026-01-27T16:18:25.598Z] [INFO] Available consoles: nes, megadrive, snes, gba, gbc, psx, atari
[2026-01-27T16:18:33.317Z] [INFO] Server started on port 9999 | Data: {"port":9999,"environment":"development","nodeVersion":"v22.20.0"}
[2026-01-27T16:18:33.318Z] [INFO] Available consoles: nes, megadrive, snes, gba, gbc, psx, atari
[2026-01-27T16:18:39.206Z] [INFO] Server started on port 9999 | Data: {"port":9999,"environment":"development","nodeVersion":"v22.20.0"}
[2026-01-27T16:18:39.206Z] [INFO] Available consoles: nes, megadrive, snes, gba, gbc, psx, atari
[2026-01-27T16:18:42.064Z] [INFO] Server started on port 9999 | Data: {"port":9999,"environment":"development","nodeVersion":"v22.20.0"}
[2026-01-27T16:18:42.064Z] [INFO] Available consoles: nes, megadrive, snes, gba, gbc, psx, atari
[2026-01-27T16:18:43.909Z] [INFO] Server started on port 9999 | Data: {"port":9999,"environment":"development","nodeVersion":"v22.20.0"}
[2026-01-27T16:18:43.909Z] [INFO] Available consoles: nes, megadrive, snes, gba, gbc, psx, atari
[2026-01-27T16:18:46.359Z] [INFO] Server started on port 9999 | Data: {"port":9999,"environment":"development","nodeVersion":"v22.20.0"}
[2026-01-27T16:18:46.360Z] [INFO] Available consoles: nes, megadrive, snes, gba, gbc, psx, atari
[2026-01-27T16:18:48.106Z] [INFO] Server started on port 9999 | Data: {"port":9999,"environment":"development","nodeVersion":"v22.20.0"}
[2026-01-27T16:18:48.107Z] [INFO] Available consoles: nes, megadrive, snes, gba, gbc, psx, atari
[2026-01-27T16:18:55.240Z] [INFO] Server started on port 9999 | Data: {"port":9999,"environment":"development","nodeVersion":"v22.20.0"}
[2026-01-27T16:18:55.241Z] [INFO] Available consoles: nes, megadrive, snes, gba, gbc, psx, atari
[2026-01-27T16:20:51.715Z] [INFO] Server started on port 9999 | Data: {"port":9999,"environment":"development","nodeVersion":"v22.20.0"}
[2026-01-27T16:20:51.716Z] [INFO] Available consoles: nes, megadrive, snes, gba, gbc, psx, atari
[2026-01-27T16:20:55.771Z] [INFO] Server started on port 9999 | Data: {"port":9999,"environment":"development","nodeVersion":"v22.20.0"}
[2026-01-27T16:20:55.773Z] [INFO] Available consoles: nes, megadrive, snes, gba, gbc, psx, atari
[2026-01-27T16:21:03.159Z] [INFO] Server started on port 9999 | Data: {"port":9999,"environment":"development","nodeVersion":"v22.20.0"}
[2026-01-27T16:21:03.159Z] [INFO] Available consoles: nes, megadrive, snes, gba, gbc, psx, atari
[2026-01-27T16:21:05.422Z] [INFO] Server started on port 9999 | Data: {"port":9999,"environment":"development","nodeVersion":"v22.20.0"}
[2026-01-27T16:21:05.422Z] [INFO] Available consoles: nes, megadrive, snes, gba, gbc, psx, atari
[2026-01-27T16:21:06.533Z] [INFO] Server started on port 9999 | Data: {"port":9999,"environment":"development","nodeVersion":"v22.20.0"}
[2026-01-27T16:21:06.534Z] [INFO] Available consoles: nes, megadrive, snes, gba, gbc, psx, atari
[2026-01-27T16:21:09.118Z] [INFO] Server started on port 9999 | Data: {"port":9999,"environment":"development","nodeVersion":"v22.20.0"}
[2026-01-27T16:21:09.119Z] [INFO] Available consoles: nes, megadrive, snes, gba, gbc, psx, atari
[2026-01-27T16:21:10.405Z] [INFO] Server started on port 9999 | Data: {"port":9999,"environment":"development","nodeVersion":"v22.20.0"}
[2026-01-27T16:21:10.406Z] [INFO] Available consoles: nes, megadrive, snes, gba, gbc, psx, atari
[2026-01-27T16:21:12.703Z] [INFO] Server started on port 9999 | Data: {"port":9999,"environment":"development","nodeVersion":"v22.20.0"}
[2026-01-27T16:21:12.704Z] [INFO] Available consoles: nes, megadrive, snes, gba, gbc, psx, atari
[2026-01-27T16:21:31.267Z] [INFO] Server started on port 9999 | Data: {"port":9999,"environment":"development","nodeVersion":"v22.20.0"}
[2026-01-27T16:21:31.268Z] [INFO] Available consoles: nes, megadrive, snes, gba, gbc, psx, atari
[2026-01-27T16:21:33.235Z] [INFO] Server started on port 9999 | Data: {"port":9999,"environment":"development","nodeVersion":"v22.20.0"}
[2026-01-27T16:21:33.236Z] [INFO] Available consoles: nes, megadrive, snes, gba, gbc, psx, atari
[2026-01-27T16:21:40.876Z] [INFO] Server started on port 9999 | Data: {"port":9999,"environment":"development","nodeVersion":"v22.20.0"}
[2026-01-27T16:21:40.877Z] [INFO] Available consoles: nes, megadrive, snes, gba, gbc, psx, atari
[2026-01-27T16:21:43.533Z] [INFO] Server started on port 9999 | Data: {"port":9999,"environment":"development","nodeVersion":"v22.20.0"}
[2026-01-27T16:21:43.534Z] [INFO] Available consoles: nes, megadrive, snes, gba, gbc, psx, atari
[2026-01-27T16:21:43.758Z] [INFO] Server started on port 9999 | Data: {"port":9999,"environment":"development","nodeVersion":"v22.20.0"}
[2026-01-27T16:21:43.759Z] [INFO] Available consoles: nes, megadrive, snes, gba, gbc, psx, atari
[2026-01-27T16:21:47.569Z] [INFO] Server started on port 9999 | Data: {"port":9999,"environment":"development","nodeVersion":"v22.20.0"}
[2026-01-27T16:21:47.570Z] [INFO] Available consoles: nes, megadrive, snes, gba, gbc, psx, atari
[2026-01-27T16:21:49.156Z] [INFO] Server started on port 9999 | Data: {"port":9999,"environment":"development","nodeVersion":"v22.20.0"}
[2026-01-27T16:21:49.156Z] [INFO] Available consoles: nes, megadrive, snes, gba, gbc, psx, atari
[2026-01-27T16:21:51.503Z] [INFO] Server started on port 9999 | Data: {"port":9999,"environment":"development","nodeVersion":"v22.20.0"}
[2026-01-27T16:21:51.503Z] [INFO] Available consoles: nes, megadrive, snes, gba, gbc, psx, atari
[2026-01-27T16:21:54.164Z] [INFO] Server started on port 9999 | Data: {"port":9999,"environment":"development","nodeVersion":"v22.20.0"}
[2026-01-27T16:21:54.165Z] [INFO] Available consoles: nes, megadrive, snes, gba, gbc, psx, atari
[2026-01-27T16:22:02.023Z] [INFO] Server started on port 9999 | Data: {"port":9999,"environment":"development","nodeVersion":"v22.20.0"}
[2026-01-27T16:22:02.024Z] [INFO] Available consoles: nes, megadrive, snes, gba, gbc, psx, atari
[2026-01-27T16:22:06.238Z] [INFO] Server started on port 9999 | Data: {"port":9999,"environment":"development","nodeVersion":"v22.20.0"}
[2026-01-27T16:22:06.238Z] [INFO] Available consoles: nes, megadrive, snes, gba, gbc, psx, atari
[2026-01-27T16:22:10.495Z] [INFO] Server started on port 9999 | Data: {"port":9999,"environment":"development","nodeVersion":"v22.20.0"}
[2026-01-27T16:22:10.496Z] [INFO] Available consoles: nes, megadrive, snes, gba, gbc, psx, atari
[2026-01-27T16:22:12.158Z] [INFO] Server started on port 9999 | Data: {"port":9999,"environment":"development","nodeVersion":"v22.20.0"}
[2026-01-27T16:22:12.159Z] [INFO] Available consoles: nes, megadrive, snes, gba, gbc, psx, atari
[2026-01-27T16:22:21.583Z] [INFO] Server started on port 9999 | Data: {"port":9999,"environment":"development","nodeVersion":"v22.20.0"}
[2026-01-27T16:22:21.584Z] [INFO] Available consoles: nes, megadrive, snes, gba, gbc, psx, atari
[2026-01-27T16:23:51.331Z] [INFO] Server started on port 9999 | Data: {"port":9999,"environment":"development","nodeVersion":"v22.20.0"}
[2026-01-27T16:23:51.332Z] [INFO] Available consoles: nes, megadrive, snes, gba, gbc, psx, atari
[2026-01-27T16:23:55.796Z] [INFO] Server started on port 9999 | Data: {"port":9999,"environment":"development","nodeVersion":"v22.20.0"}
[2026-01-27T16:23:55.797Z] [INFO] Available consoles: nes, megadrive, snes, gba, gbc, psx, atari
[2026-01-27T16:24:01.914Z] [INFO] API Request | Data: {"method":"GET","path":"/romserv/consoles","ip":"::1"}
[2026-01-27T16:24:01.918Z] [INFO] Request completed successfully | Data: {"method":"GET","path":"/consoles","status":304,"duration":"5ms","ip":"::1","userAgent":"Mozilla/5.0 (Windows NT 10.0; Win64; x64) AppleWebKit/537.36 (KHTML, like Gecko) Chrome/144.0.0.0 Safari/537.36"}
[2026-01-27T16:24:01.920Z] [INFO] API Request | Data: {"method":"GET","path":"/romserv/consoles","ip":"::1"}
[2026-01-27T16:24:01.921Z] [INFO] Request completed successfully | Data: {"method":"GET","path":"/consoles","status":304,"duration":"2ms","ip":"::1","userAgent":"Mozilla/5.0 (Windows NT 10.0; Win64; x64) AppleWebKit/537.36 (KHTML, like Gecko) Chrome/144.0.0.0 Safari/537.36"}
[2026-01-27T16:24:01.926Z] [INFO] API Request | Data: {"method":"GET","path":"/romserv/consoles/nes/games","ip":"::1"}
[2026-01-27T16:24:01.928Z] [INFO] Game list | Data: {"console":"nes","file":null}
[2026-01-27T16:24:01.931Z] [INFO] Request completed successfully | Data: {"method":"GET","path":"/consoles/nes/games","status":304,"duration":"4ms","ip":"::1","userAgent":"Mozilla/5.0 (Windows NT 10.0; Win64; x64) AppleWebKit/537.36 (KHTML, like Gecko) Chrome/144.0.0.0 Safari/537.36"}
[2026-01-27T16:24:01.934Z] [INFO] API Request | Data: {"method":"GET","path":"/romserv/consoles/nes/games","ip":"::1"}
[2026-01-27T16:24:01.935Z] [INFO] Game list | Data: {"console":"nes","file":null}
[2026-01-27T16:24:01.937Z] [INFO] Request completed successfully | Data: {"method":"GET","path":"/consoles/nes/games","status":304,"duration":"4ms","ip":"::1","userAgent":"Mozilla/5.0 (Windows NT 10.0; Win64; x64) AppleWebKit/537.36 (KHTML, like Gecko) Chrome/144.0.0.0 Safari/537.36"}
[2026-01-27T16:24:04.896Z] [INFO] Server started on port 9999 | Data: {"port":9999,"environment":"development","nodeVersion":"v22.20.0"}
[2026-01-27T16:24:04.897Z] [INFO] Available consoles: nes, megadrive, snes, gba, gbc, psx, atari
[2026-01-27T16:27:22.704Z] [INFO] Server started on port 9999 | Data: {"port":9999,"environment":"development","nodeVersion":"v22.20.0"}
[2026-01-27T16:27:22.705Z] [INFO] Available consoles: nes, megadrive, snes, gba, gbc, psx, atari
[2026-01-27T16:27:26.269Z] [INFO] Server started on port 9999 | Data: {"port":9999,"environment":"development","nodeVersion":"v22.20.0"}
[2026-01-27T16:27:26.270Z] [INFO] Available consoles: nes, megadrive, snes, gba, gbc, psx, atari
[2026-01-27T16:27:28.595Z] [INFO] Server started on port 9999 | Data: {"port":9999,"environment":"development","nodeVersion":"v22.20.0"}
[2026-01-27T16:27:28.596Z] [INFO] Available consoles: nes, megadrive, snes, gba, gbc, psx, atari
[2026-01-27T16:27:32.127Z] [INFO] Server started on port 9999 | Data: {"port":9999,"environment":"development","nodeVersion":"v22.20.0"}
[2026-01-27T16:27:32.128Z] [INFO] Available consoles: nes, megadrive, snes, gba, gbc, psx, atari
[2026-01-27T16:27:38.636Z] [INFO] Server started on port 9999 | Data: {"port":9999,"environment":"development","nodeVersion":"v22.20.0"}
[2026-01-27T16:27:38.636Z] [INFO] Available consoles: nes, megadrive, snes, gba, gbc, psx, atari
[2026-01-27T16:27:40.918Z] [INFO] Server started on port 9999 | Data: {"port":9999,"environment":"development","nodeVersion":"v22.20.0"}
[2026-01-27T16:27:40.919Z] [INFO] Available consoles: nes, megadrive, snes, gba, gbc, psx, atari
[2026-01-27T16:27:45.572Z] [INFO] Server started on port 9999 | Data: {"port":9999,"environment":"development","nodeVersion":"v22.20.0"}
[2026-01-27T16:27:45.573Z] [INFO] Available consoles: nes, megadrive, snes, gba, gbc, psx, atari
[2026-01-27T16:27:49.281Z] [INFO] Server started on port 9999 | Data: {"port":9999,"environment":"development","nodeVersion":"v22.20.0"}
[2026-01-27T16:27:49.282Z] [INFO] Available consoles: nes, megadrive, snes, gba, gbc, psx, atari
[2026-01-27T16:29:52.885Z] [INFO] Server started on port 9999 | Data: {"port":9999,"environment":"development","nodeVersion":"v22.20.0"}
[2026-01-27T16:29:52.885Z] [INFO] Available consoles: nes, megadrive, snes, gba, gbc, psx, atari
[2026-01-27T16:30:02.156Z] [INFO] Server started on port 9999 | Data: {"port":9999,"environment":"development","nodeVersion":"v22.20.0"}
[2026-01-27T16:30:02.157Z] [INFO] Available consoles: nes, megadrive, snes, gba, gbc, psx, atari
[2026-01-27T16:30:31.657Z] [INFO] Server started on port 9999 | Data: {"port":9999,"environment":"development","nodeVersion":"v22.20.0"}
[2026-01-27T16:30:31.658Z] [INFO] Available consoles: nes, megadrive, snes, gba, gbc, psx, atari
[2026-01-27T16:30:34.777Z] [INFO] Server started on port 9999 | Data: {"port":9999,"environment":"development","nodeVersion":"v22.20.0"}
[2026-01-27T16:30:34.778Z] [INFO] Available consoles: nes, megadrive, snes, gba, gbc, psx, atari
[2026-01-27T16:30:39.598Z] [INFO] Server started on port 9999 | Data: {"port":9999,"environment":"development","nodeVersion":"v22.20.0"}
[2026-01-27T16:30:39.599Z] [INFO] Available consoles: nes, megadrive, snes, gba, gbc, psx, atari
[2026-01-27T16:30:56.146Z] [INFO] SIGINT received, shutting down gracefully
